test_exact_distance_surrogate (test_final_evaluator.FinalEvaluatorTests.test_exact_distance_surrogate) ... ok
test_final_replay_is_causal (test_final_evaluator.FinalEvaluatorTests.test_final_replay_is_causal) ... ok
test_freeze_contains_22_ids_and_no_data_read (test_final_evaluator.FinalEvaluatorTests.test_freeze_contains_22_ids_and_no_data_read) ... ok
test_heldout_denied_without_authorization_before_io (test_final_evaluator.FinalEvaluatorTests.test_heldout_denied_without_authorization_before_io) ... ok
test_missing_reference_is_not_zero_error (test_final_evaluator.FinalEvaluatorTests.test_missing_reference_is_not_zero_error) ... ok
test_old_freeze_does_not_certify_active_default (test_final_evaluator.FinalEvaluatorTests.test_old_freeze_does_not_certify_active_default) ... ok
test_reference_gap_does_not_claim_full_bag_drift (test_final_evaluator.FinalEvaluatorTests.test_reference_gap_does_not_claim_full_bag_drift) ... ok
test_source_mutation_invalidates_freeze (test_final_evaluator.FinalEvaluatorTests.test_source_mutation_invalidates_freeze) ... ok
test_all_candidates_valid (test_research.ResearchTests.test_all_candidates_valid) ... ok
test_baseline_gauge_roundtrip (test_research.ResearchTests.test_baseline_gauge_roundtrip) ... ok
test_deletion_changes_no_sensor_input (test_research.ResearchTests.test_deletion_changes_no_sensor_input) ... ok
test_development_cannot_be_validation (test_research.ResearchTests.test_development_cannot_be_validation) ... ok
test_frozen_partition_covers_inventory_once (test_research.ResearchTests.test_frozen_partition_covers_inventory_once) ... ok
test_future_values_cannot_change_prefix (test_research.ResearchTests.test_future_values_cannot_change_prefix) ... ok
test_group_intervals_do_not_cross_roles (test_research.ResearchTests.test_group_intervals_do_not_cross_roles) ... ok
test_missing_reference_is_null (test_research.ResearchTests.test_missing_reference_is_null) ... ok
test_neutral_dynamics (test_research.ResearchTests.test_neutral_dynamics) ... ok
test_reference_mutation_only_changes_scores (test_research.ResearchTests.test_reference_mutation_only_changes_scores) ... ok
test_reference_nearest_tolerance (test_research.ResearchTests.test_reference_nearest_tolerance) ... ok
test_test_bag_denied_before_io (test_research.ResearchTests.test_test_bag_denied_before_io) ... ok
test_validation_cannot_train (test_research.ResearchTests.test_validation_cannot_train) ... ok
test_bad_evidence_rejects (test_v5_gates.V5GateTests.test_bad_evidence_rejects) ... ok
test_gain_can_pass (test_v5_gates.V5GateTests.test_gain_can_pass) ... ok
test_historical_comparison_matches_immutable_archive (test_v5_gates.V5GateTests.test_historical_comparison_matches_immutable_archive) ... ok
test_no_reference_rejects (test_v5_gates.V5GateTests.test_no_reference_rejects) ... ok
test_selected_profile_matches_evaluated_eligible_candidate (test_v5_gates.V5GateTests.test_selected_profile_matches_evaluated_eligible_candidate) ... ok
test_unchanged_is_not_a_gain (test_v5_gates.V5GateTests.test_unchanged_is_not_a_gain) ... ok
test_fallback_does_not_promote_more_false_stops (test_v6_gates.V6GateTests.test_fallback_does_not_promote_more_false_stops) ... ok
test_only_validation_measurements_were_opened (test_v6_gates.V6GateTests.test_only_validation_measurements_were_opened) ... ok
test_recompute_both_decisions_from_complete_evidence (test_v6_gates.V6GateTests.test_recompute_both_decisions_from_complete_evidence) ... ok

----------------------------------------------------------------------
Ran 30 tests in 0.459s

OK
