test_config_validation (test_core.ObserverTests.test_config_validation) ... ok
test_constant_speed (test_core.ObserverTests.test_constant_speed) ... ok
test_disturbance_frozen_during_bad_data (test_core.ObserverTests.test_disturbance_frozen_during_bad_data) ... ok
test_drive_nonlinearity_and_braking (test_core.ObserverTests.test_drive_nonlinearity_and_braking) ... ok
test_dropout_duration_matrix_recovers (test_core.ObserverTests.test_dropout_duration_matrix_recovers) ... ok
test_dropouts_remain_finite_with_uncertainty_growth (test_core.ObserverTests.test_dropouts_remain_finite_with_uncertainty_growth) ... ok
test_future_sample_not_consumed (test_core.ObserverTests.test_future_sample_not_consumed) ... ok
test_locked_common_zero_pair_never_reacquires_moving_state (test_core.ObserverTests.test_locked_common_zero_pair_never_reacquires_moving_state) ... ok
test_locked_wheels_not_zero_velocity_update (test_core.ObserverTests.test_locked_wheels_not_zero_velocity_update) ... ok
test_nan_and_range_are_ignored (test_core.ObserverTests.test_nan_and_range_are_ignored) ... ok
test_no_repeated_measurement_update (test_core.ObserverTests.test_no_repeated_measurement_update) ... ok
test_per_sensor_monotonicity (test_core.ObserverTests.test_per_sensor_monotonicity) ... ok
test_persistent_agreeing_pair_reacquires_after_model_divergence (test_core.ObserverTests.test_persistent_agreeing_pair_reacquires_after_model_divergence) ... ok
test_short_common_mode_offset_does_not_reacquire (test_core.ObserverTests.test_short_common_mode_offset_does_not_reacquire) ... ok
test_signed_velocity (test_core.ObserverTests.test_signed_velocity) ... ok
test_simultaneous_spike (test_core.ObserverTests.test_simultaneous_spike) ... ok
test_single_wheel_slip_and_recovery (test_core.ObserverTests.test_single_wheel_slip_and_recovery) ... ok
test_stationary_and_no_creep (test_core.ObserverTests.test_stationary_and_no_creep) ... ok
test_time_errors_require_reset (test_core.ObserverTests.test_time_errors_require_reset) ... ok
test_waits_for_two_wheels (test_core.ObserverTests.test_waits_for_two_wheels) ... ok

----------------------------------------------------------------------
Ran 20 tests in 0.067s

OK
