TRAIN_CHECKPOINT 30618_0259fe53 7787
TRAIN_CHECKPOINT 30618_082f1d65 0
TRAIN_CHECKPOINT 30618_095a115b 8160
TRAIN_CHECKPOINT 30618_0a83c933 7632
TRAIN_CHECKPOINT 30618_0d865417 8
TRAIN_CHECKPOINT 30618_1cc230fa 8100
TRAIN_CHECKPOINT 30618_20096314 7648
TRAIN_CHECKPOINT 30618_2050d396 7856
TRAIN_CHECKPOINT 30618_2161b58b 7575
TRAIN_CHECKPOINT 30618_21dd3af3 7674
TRAIN_CHECKPOINT 30618_22c1c589 7491
TRAIN_CHECKPOINT 30618_2366c74a 6372
TRAIN_CHECKPOINT 30618_2d2fa7be 7553
TRAIN_CHECKPOINT 30618_2f2f1175 7497
TRAIN_CHECKPOINT 30618_3e9f4952 7778
TRAIN_CHECKPOINT 30618_40ffd323 8652
TRAIN_CHECKPOINT 30618_45ff6f99 0
TRAIN_CHECKPOINT 30618_4d487b0d 8095
TRAIN_CHECKPOINT 30618_616ec56b 7569
TRAIN_CHECKPOINT 30618_67b89902 7018
TRAIN_CHECKPOINT 30618_748832b9 7620
TRAIN_CHECKPOINT 30618_7849303f 7620
TRAIN_CHECKPOINT 30618_79b204dc 7494
TRAIN_CHECKPOINT 30618_7a152380 7950
TRAIN_CHECKPOINT 30618_7b4d83f4 7671
TRAIN_CHECKPOINT 30618_8158f0b0 8048
TRAIN_CHECKPOINT 30618_81c22fee 7574
TRAIN_CHECKPOINT 30618_87afe526 8269
TRAIN_CHECKPOINT 30618_887a2b9a 7494
TRAIN_CHECKPOINT 30618_8eb8615c 7553
TRAIN_CHECKPOINT 30618_8f08df08 7950
TRAIN_CHECKPOINT 30618_92b1b453 7574
TRAIN_CHECKPOINT 30618_93dc866e 6372
TRAIN_CHECKPOINT 30618_98161270 0
TRAIN_CHECKPOINT 30618_9bbe6faa 7162
TRAIN_CHECKPOINT 30618_9c09b081 8702
TRAIN_CHECKPOINT 30618_9c10cd0d 7162
TRAIN_CHECKPOINT 30618_a395846d 8100
TRAIN_CHECKPOINT 30618_a53d5f6f 8149
TRAIN_CHECKPOINT 30618_ab5921a4 8762
TRAIN_CHECKPOINT 30618_b3042f78 8095
TRAIN_CHECKPOINT 30618_b83d854d 8459
TRAIN_CHECKPOINT 30618_b95ca60a 7352
TRAIN_CHECKPOINT 30618_bab2fe58 438
TRAIN_CHECKPOINT 30618_bc5e53c2 0
TRAIN_CHECKPOINT 30618_cfd9fd5a 7787
TRAIN_CHECKPOINT 30618_d4ba7005 7094
TRAIN_CHECKPOINT 30618_dd8e6395 7512
TRAIN_CHECKPOINT 30618_ddad08d6 7497
TRAIN_CHECKPOINT 30618_e2dcf65f 7208
TRAIN_CHECKPOINT 30618_e392e5bd 7632
TRAIN_CHECKPOINT 30618_e3d94878 7559
TRAIN_CHECKPOINT 30618_e7dcdab1 7648
TRAIN_CHECKPOINT 30618_efb92709 8652
TRAIN_CHECKPOINT 30618_f19a4ac3 8126
TRAIN_CHECKPOINT 30618_f28179bb 7575
TRAIN_CHECKPOINT 30618_f3b8c99b 7674
TRAIN_CHECKPOINT 30639_0be558e2 8538
TRAIN_CHECKPOINT 30639_2b4a6347 7902
TRAIN_CHECKPOINT 30639_4285f2bc 8509
TRAIN_CHECKPOINT 30639_44226bde 8204
TRAIN_CHECKPOINT 30639_92226df0 8903
TRAIN_CHECKPOINT 30639_927002c2 7730
TRAIN_CHECKPOINT 30639_d3c43d69 7993
{
  "selected": "H03_w040",
  "train_proxy_failed": false,
  "aggregates": {
    "adaptive_v5": {
      "accel_proxy_rmse": 0.19069325487556857,
      "roughness": 0.05777037524415909,
      "lag_rmse_0": 0.19069325487556857,
      "lag_rmse_1": 0.20124124618731798,
      "lag_rmse_2": 0.2137871783168822,
      "lag_s": 0.0
    },
    "H03_w020": {
      "accel_proxy_rmse": 0.16123696033524532,
      "roughness": 0.046691240592734315,
      "lag_rmse_0": 0.16123696033524532,
      "lag_rmse_1": 0.17208067964900242,
      "lag_rmse_2": 0.1849350478603591,
      "lag_s": 0.0,
      "proxy_rejection_reasons": [],
      "proxy_eligible": true
    },
    "H03_w030": {
      "accel_proxy_rmse": 0.10626294253367648,
      "roughness": 0.025915352108482285,
      "lag_rmse_0": 0.10626294253367648,
      "lag_rmse_1": 0.11586283932065715,
      "lag_rmse_2": 0.1281602861241185,
      "lag_s": 0.0,
      "proxy_rejection_reasons": [],
      "proxy_eligible": true
    },
    "H03_w040": {
      "accel_proxy_rmse": 0.09439500645525678,
      "roughness": 0.017642411828361602,
      "lag_rmse_0": 0.09439500645525678,
      "lag_rmse_1": 0.09877411080321362,
      "lag_rmse_2": 0.10537038028801174,
      "lag_s": 0.0,
      "proxy_rejection_reasons": [],
      "proxy_eligible": true
    }
  }
}
