CHECKPOINT development 30618_073f08d1 {'eligible': 7527, 'applied': 7518, 'changed': 7076, 'skipped': 9, 'history': 0, 'stale': 9, 'clipped': 0, 'gap': 0, 'nonfinite': 0}
CHECKPOINT development 30618_0652866c {'eligible': 8845, 'applied': 8840, 'changed': 7714, 'skipped': 5, 'history': 0, 'stale': 5, 'clipped': 0, 'gap': 0, 'nonfinite': 0}
CHECKPOINT development 30618_1551d0a9 {'eligible': 0, 'applied': 0, 'changed': 0, 'skipped': 0, 'history': 0, 'stale': 0, 'clipped': 0, 'gap': 0, 'nonfinite': 0}
CHECKPOINT development 30618_117c2d02 {'eligible': 6674, 'applied': 6653, 'changed': 6210, 'skipped': 21, 'history': 0, 'stale': 21, 'clipped': 0, 'gap': 0, 'nonfinite': 0}
CHECKPOINT development 30618_3e012faf {'eligible': 6841, 'applied': 6823, 'changed': 6393, 'skipped': 18, 'history': 0, 'stale': 18, 'clipped': 0, 'gap': 0, 'nonfinite': 0}
CHECKPOINT development 30618_27e994fc {'eligible': 8597, 'applied': 8591, 'changed': 7780, 'skipped': 6, 'history': 0, 'stale': 6, 'clipped': 0, 'gap': 0, 'nonfinite': 0}
CHECKPOINT development 30618_5036aa78 {'eligible': 115, 'applied': 115, 'changed': 115, 'skipped': 0, 'history': 0, 'stale': 0, 'clipped': 0, 'gap': 0, 'nonfinite': 0}
CHECKPOINT development 30618_74559c73 {'eligible': 373, 'applied': 373, 'changed': 115, 'skipped': 0, 'history': 0, 'stale': 0, 'clipped': 0, 'gap': 0, 'nonfinite': 0}
CHECKPOINT development 30618_46e21b9b {'eligible': 6674, 'applied': 6653, 'changed': 6210, 'skipped': 21, 'history': 0, 'stale': 21, 'clipped': 0, 'gap': 0, 'nonfinite': 0}
CHECKPOINT development 30618_88548b02 {'eligible': 7270, 'applied': 7194, 'changed': 6939, 'skipped': 76, 'history': 0, 'stale': 76, 'clipped': 0, 'gap': 0, 'nonfinite': 0}
CHECKPOINT development 30618_e151d6e4 {'eligible': 0, 'applied': 0, 'changed': 0, 'skipped': 0, 'history': 0, 'stale': 0, 'clipped': 0, 'gap': 0, 'nonfinite': 0}
CHECKPOINT development 30639_0ab96c59 {'eligible': 15, 'applied': 15, 'changed': 15, 'skipped': 0, 'history': 0, 'stale': 0, 'clipped': 0, 'gap': 0, 'nonfinite': 0}
CHECKPOINT development 30618_bcc9e7a2 {'eligible': 6841, 'applied': 6823, 'changed': 6393, 'skipped': 18, 'history': 0, 'stale': 18, 'clipped': 0, 'gap': 0, 'nonfinite': 0}
CHECKPOINT development 30639_9c362687 {'eligible': 8662, 'applied': 8651, 'changed': 8221, 'skipped': 11, 'history': 0, 'stale': 11, 'clipped': 0, 'gap': 0, 'nonfinite': 0}
CHECKPOINT development 30639_c31df386 {'eligible': 8513, 'applied': 8507, 'changed': 8137, 'skipped': 6, 'history': 0, 'stale': 6, 'clipped': 0, 'gap': 0, 'nonfinite': 0}
CHECKPOINT development 30639_dce52be4 {'eligible': 7804, 'applied': 7795, 'changed': 7472, 'skipped': 9, 'history': 0, 'stale': 9, 'clipped': 0, 'gap': 0, 'nonfinite': 0}
CHECKPOINT development 30639_e4379d7f {'eligible': 9075, 'applied': 9072, 'changed': 8724, 'skipped': 3, 'history': 0, 'stale': 3, 'clipped': 0, 'gap': 0, 'nonfinite': 0}
{
  "role": "development",
  "coverage": {
    "passed": true,
    "reasons": [],
    "counts": {
      "eligible": 93826,
      "applied": 93623,
      "changed": 87514,
      "skipped": 203,
      "history": 0,
      "stale": 203,
      "clipped": 0,
      "gap": 0,
      "nonfinite": 0
    },
    "groups": {
      "8269991eafa82c45": {
        "eligible": 16372,
        "applied": 16358,
        "changed": 14790,
        "skipped": 14,
        "history": 0,
        "stale": 14,
        "clipped": 0,
        "gap": 0,
        "nonfinite": 0
      },
      "664cca45aeb0db23": {
        "eligible": 27518,
        "applied": 27440,
        "changed": 25436,
        "skipped": 78,
        "history": 0,
        "stale": 78,
        "clipped": 0,
        "gap": 0,
        "nonfinite": 0
      },
      "711abb923942f9fe": {
        "eligible": 15867,
        "applied": 15785,
        "changed": 14719,
        "skipped": 82,
        "history": 0,
        "stale": 82,
        "clipped": 0,
        "gap": 0,
        "nonfinite": 0
      },
      "2cd82bc27dbad052": {
        "eligible": 15,
        "applied": 15,
        "changed": 15,
        "skipped": 0,
        "history": 0,
        "stale": 0,
        "clipped": 0,
        "gap": 0,
        "nonfinite": 0
      },
      "a8a4c11ebcc1dde2": {
        "eligible": 8662,
        "applied": 8651,
        "changed": 8221,
        "skipped": 11,
        "history": 0,
        "stale": 11,
        "clipped": 0,
        "gap": 0,
        "nonfinite": 0
      },
      "70bb14d1c90f301f": {
        "eligible": 16317,
        "applied": 16302,
        "changed": 15609,
        "skipped": 15,
        "history": 0,
        "stale": 15,
        "clipped": 0,
        "gap": 0,
        "nonfinite": 0
      },
      "a0c46036cc19092a": {
        "eligible": 9075,
        "applied": 9072,
        "changed": 8724,
        "skipped": 3,
        "history": 0,
        "stale": 3,
        "clipped": 0,
        "gap": 0,
        "nonfinite": 0
      }
    },
    "transition_updates": 20097
  },
  "decision": {
    "summary": {
      "baseline_v2": {
        "clean_rmse": 0.09266814298282507,
        "fault_rmse": 0.2375486120563008,
        "distance_rmse": 5.310295004801444,
        "samples": 394221,
        "pooled_rmse": 0.1293056944774334,
        "false_stops_clean": 0,
        "false_stops_fault": 0,
        "unrecovered": 4,
        "clean_mae": 0.03493335290464455,
        "clean_signed_bias": 0.0063906774202189785,
        "fault_mae": 0.15379652933081722,
        "fault_signed_bias": 0.01117030785164182,
        "recovery_macro_s": 0.7243582848749885
      },
      "balanced_physics": {
        "clean_rmse": 0.09251575340910018,
        "fault_rmse": 0.22939758794873605,
        "distance_rmse": 5.26102625196274,
        "samples": 394221,
        "pooled_rmse": 0.12918949562013132,
        "false_stops_clean": 0,
        "false_stops_fault": 0,
        "unrecovered": 4,
        "clean_mae": 0.03480237932707743,
        "clean_signed_bias": 0.006119505848795431,
        "fault_mae": 0.15087288206215707,
        "fault_signed_bias": 0.019518402647548068,
        "recovery_macro_s": 0.7274832848749877
      }
    },
    "relative_change": {
      "clean_rmse": -0.0016444656040331962,
      "fault_rmse": -0.03431307822431262,
      "pooled_rmse": -0.0008986368138825807,
      "distance_rmse": -0.009277969075947023
    },
    "accuracy_passed": false,
    "reasons": [
      "insufficient_gain"
    ],
    "safety_reasons": []
  },
  "test_evaluated": false,
  "skip_control": {
    "summary": {
      "baseline_v2": {
        "clean_rmse": 0.09266814298282507,
        "fault_rmse": 0.2375486120563008,
        "distance_rmse": 5.310295004801444,
        "samples": 394221,
        "pooled_rmse": 0.1293056944774334,
        "false_stops_clean": 0,
        "false_stops_fault": 0,
        "unrecovered": 4,
        "clean_mae": 0.03493335290464455,
        "clean_signed_bias": 0.0063906774202189785,
        "fault_mae": 0.15379652933081722,
        "fault_signed_bias": 0.01117030785164182,
        "recovery_macro_s": 0.7243582848749885
      },
      "skip_control": {
        "clean_rmse": 0.0926684517171935,
        "fault_rmse": 0.2375486120563008,
        "distance_rmse": 5.310506806789214,
        "samples": 394221,
        "pooled_rmse": 0.1293039914791837,
        "false_stops_clean": 0,
        "false_stops_fault": 0,
        "unrecovered": 4,
        "clean_mae": 0.034935414087763204,
        "clean_signed_bias": 0.006398688796006855,
        "fault_mae": 0.15379520008345757,
        "fault_signed_bias": 0.01118298142507625,
        "recovery_macro_s": 0.7227957848749882
      }
    },
    "relative_change": {
      "clean_rmse": 3.331612768997516e-06,
      "fault_rmse": 0.0,
      "pooled_rmse": -1.3170326771616558e-05,
      "distance_rmse": 3.9885164115904814e-05
    },
    "accuracy_passed": false,
    "reasons": [
      "insufficient_gain"
    ],
    "safety_reasons": []
  },
  "diagnostic_decision": {
    "summary": {
      "baseline_v2": {
        "clean_rmse": 0.09266814298282507,
        "fault_rmse": 0.37419200215807735,
        "distance_rmse": 5.310295004801444,
        "samples": 394221,
        "pooled_rmse": 0.1293056944774334,
        "false_stops_clean": 0,
        "false_stops_fault": 0,
        "unrecovered": 4,
        "clean_mae": 0.03493335290464455,
        "clean_signed_bias": 0.0063906774202189785,
        "fault_mae": 0.264550890912241,
        "fault_signed_bias": 0.2057752434917027,
        "recovery_macro_s": 0.04283847712499811
      },
      "balanced_physics": {
        "clean_rmse": 0.09251575340910018,
        "fault_rmse": 0.3771681723946889,
        "distance_rmse": 5.26102625196274,
        "samples": 394221,
        "pooled_rmse": 0.12918949562013132,
        "false_stops_clean": 0,
        "false_stops_fault": 0,
        "unrecovered": 4,
        "clean_mae": 0.03480237932707743,
        "clean_signed_bias": 0.006119505848795431,
        "fault_mae": 0.2811306911007722,
        "fault_signed_bias": 0.21924322480265215,
        "recovery_macro_s": 0.04283847712499811
      }
    },
    "relative_change": {
      "clean_rmse": -0.0016444656040331962,
      "fault_rmse": 0.007953591256486314,
      "pooled_rmse": -0.0008986368138825807,
      "distance_rmse": -0.009277969075947023
    },
    "accuracy_passed": false,
    "reasons": [
      "aggregate_regression:fault_rmse",
      "insufficient_gain"
    ],
    "safety_reasons": []
  },
  "development_eligible": true,
  "prevalidation_verdict": "READY"
}
