CHECKPOINT train 30618_082f1d65 {'eligible': 0, 'applied': 0, 'changed': 0, 'skipped': 0, 'history': 0, 'stale': 0, 'clipped': 0, 'gap': 0, 'nonfinite': 0}
CHECKPOINT train 30618_0259fe53 {'eligible': 7735, 'applied': 7728, 'changed': 7241, 'skipped': 7, 'history': 0, 'stale': 7, 'clipped': 0, 'gap': 0, 'nonfinite': 0}
CHECKPOINT train 30618_095a115b {'eligible': 8204, 'applied': 8200, 'changed': 7886, 'skipped': 4, 'history': 0, 'stale': 4, 'clipped': 0, 'gap': 0, 'nonfinite': 0}
CHECKPOINT train 30618_0d865417 {'eligible': 15, 'applied': 15, 'changed': 15, 'skipped': 0, 'history': 0, 'stale': 0, 'clipped': 0, 'gap': 0, 'nonfinite': 0}
CHECKPOINT train 30618_0a83c933 {'eligible': 7590, 'applied': 7589, 'changed': 7280, 'skipped': 1, 'history': 0, 'stale': 1, 'clipped': 0, 'gap': 0, 'nonfinite': 0}
CHECKPOINT train 30618_1cc230fa {'eligible': 7813, 'applied': 7730, 'changed': 7511, 'skipped': 83, 'history': 0, 'stale': 83, 'clipped': 0, 'gap': 0, 'nonfinite': 0}
CHECKPOINT train 30618_20096314 {'eligible': 7597, 'applied': 7590, 'changed': 7079, 'skipped': 7, 'history': 0, 'stale': 7, 'clipped': 0, 'gap': 0, 'nonfinite': 0}
CHECKPOINT train 30618_2050d396 {'eligible': 7506, 'applied': 7485, 'changed': 7038, 'skipped': 21, 'history': 0, 'stale': 21, 'clipped': 0, 'gap': 0, 'nonfinite': 0}
CHECKPOINT train 30618_2161b58b {'eligible': 7316, 'applied': 7272, 'changed': 6776, 'skipped': 44, 'history': 0, 'stale': 44, 'clipped': 0, 'gap': 0, 'nonfinite': 0}
CHECKPOINT train 30618_21dd3af3 {'eligible': 7347, 'applied': 7315, 'changed': 6627, 'skipped': 32, 'history': 0, 'stale': 32, 'clipped': 0, 'gap': 0, 'nonfinite': 0}
CHECKPOINT train 30618_22c1c589 {'eligible': 7379, 'applied': 7371, 'changed': 7071, 'skipped': 8, 'history': 0, 'stale': 8, 'clipped': 0, 'gap': 0, 'nonfinite': 0}
CHECKPOINT train 30618_2366c74a {'eligible': 6422, 'applied': 6414, 'changed': 6100, 'skipped': 8, 'history': 0, 'stale': 8, 'clipped': 0, 'gap': 0, 'nonfinite': 0}
CHECKPOINT train 30618_2d2fa7be {'eligible': 7321, 'applied': 7218, 'changed': 6931, 'skipped': 103, 'history': 0, 'stale': 103, 'clipped': 0, 'gap': 0, 'nonfinite': 0}
CHECKPOINT train 30618_2f2f1175 {'eligible': 7302, 'applied': 7293, 'changed': 6710, 'skipped': 9, 'history': 0, 'stale': 9, 'clipped': 0, 'gap': 0, 'nonfinite': 0}
CHECKPOINT train 30618_3e9f4952 {'eligible': 7471, 'applied': 7427, 'changed': 7084, 'skipped': 44, 'history': 0, 'stale': 44, 'clipped': 0, 'gap': 0, 'nonfinite': 0}
CHECKPOINT train 30618_45ff6f99 {'eligible': 0, 'applied': 0, 'changed': 0, 'skipped': 0, 'history': 0, 'stale': 0, 'clipped': 0, 'gap': 0, 'nonfinite': 0}
CHECKPOINT train 30618_40ffd323 {'eligible': 8522, 'applied': 8509, 'changed': 7873, 'skipped': 13, 'history': 0, 'stale': 13, 'clipped': 0, 'gap': 0, 'nonfinite': 0}
CHECKPOINT train 30618_4d487b0d {'eligible': 7723, 'applied': 7700, 'changed': 6780, 'skipped': 23, 'history': 0, 'stale': 23, 'clipped': 0, 'gap': 0, 'nonfinite': 0}
CHECKPOINT train 30618_616ec56b {'eligible': 7250, 'applied': 7238, 'changed': 6858, 'skipped': 12, 'history': 0, 'stale': 12, 'clipped': 0, 'gap': 0, 'nonfinite': 0}
CHECKPOINT train 30618_67b89902 {'eligible': 6858, 'applied': 6848, 'changed': 6567, 'skipped': 10, 'history': 0, 'stale': 10, 'clipped': 0, 'gap': 0, 'nonfinite': 0}
CHECKPOINT train 30618_748832b9 {'eligible': 7673, 'applied': 7672, 'changed': 7325, 'skipped': 1, 'history': 0, 'stale': 1, 'clipped': 0, 'gap': 0, 'nonfinite': 0}
CHECKPOINT train 30618_7849303f {'eligible': 7673, 'applied': 7672, 'changed': 7325, 'skipped': 1, 'history': 0, 'stale': 1, 'clipped': 0, 'gap': 0, 'nonfinite': 0}
CHECKPOINT train 30618_79b204dc {'eligible': 7355, 'applied': 7330, 'changed': 6997, 'skipped': 25, 'history': 0, 'stale': 25, 'clipped': 0, 'gap': 0, 'nonfinite': 0}
CHECKPOINT train 30618_7a152380 {'eligible': 7672, 'applied': 7539, 'changed': 6990, 'skipped': 133, 'history': 0, 'stale': 133, 'clipped': 0, 'gap': 0, 'nonfinite': 0}
CHECKPOINT train 30618_7b4d83f4 {'eligible': 7702, 'applied': 7699, 'changed': 7525, 'skipped': 3, 'history': 0, 'stale': 3, 'clipped': 0, 'gap': 0, 'nonfinite': 0}
CHECKPOINT train 30618_8158f0b0 {'eligible': 7825, 'applied': 7815, 'changed': 7471, 'skipped': 10, 'history': 0, 'stale': 10, 'clipped': 0, 'gap': 0, 'nonfinite': 0}
CHECKPOINT train 30618_81c22fee {'eligible': 7256, 'applied': 7235, 'changed': 6934, 'skipped': 21, 'history': 0, 'stale': 21, 'clipped': 0, 'gap': 0, 'nonfinite': 0}
CHECKPOINT train 30618_87afe526 {'eligible': 7948, 'applied': 7944, 'changed': 7220, 'skipped': 4, 'history': 0, 'stale': 4, 'clipped': 0, 'gap': 0, 'nonfinite': 0}
CHECKPOINT train 30618_887a2b9a {'eligible': 7355, 'applied': 7330, 'changed': 6997, 'skipped': 25, 'history': 0, 'stale': 25, 'clipped': 0, 'gap': 0, 'nonfinite': 0}
CHECKPOINT train 30618_8eb8615c {'eligible': 7321, 'applied': 7218, 'changed': 6931, 'skipped': 103, 'history': 0, 'stale': 103, 'clipped': 0, 'gap': 0, 'nonfinite': 0}
CHECKPOINT train 30618_8f08df08 {'eligible': 7672, 'applied': 7539, 'changed': 6990, 'skipped': 133, 'history': 0, 'stale': 133, 'clipped': 0, 'gap': 0, 'nonfinite': 0}
CHECKPOINT train 30618_92b1b453 {'eligible': 7256, 'applied': 7235, 'changed': 6934, 'skipped': 21, 'history': 0, 'stale': 21, 'clipped': 0, 'gap': 0, 'nonfinite': 0}
CHECKPOINT train 30618_98161270 {'eligible': 0, 'applied': 0, 'changed': 0, 'skipped': 0, 'history': 0, 'stale': 0, 'clipped': 0, 'gap': 0, 'nonfinite': 0}
CHECKPOINT train 30618_93dc866e {'eligible': 6422, 'applied': 6414, 'changed': 6100, 'skipped': 8, 'history': 0, 'stale': 8, 'clipped': 0, 'gap': 0, 'nonfinite': 0}
CHECKPOINT train 30618_9bbe6faa {'eligible': 6904, 'applied': 6893, 'changed': 6638, 'skipped': 11, 'history': 0, 'stale': 11, 'clipped': 0, 'gap': 0, 'nonfinite': 0}
CHECKPOINT train 30618_9c09b081 {'eligible': 8584, 'applied': 8584, 'changed': 8005, 'skipped': 0, 'history': 0, 'stale': 0, 'clipped': 0, 'gap': 0, 'nonfinite': 0}
CHECKPOINT train 30618_9c10cd0d {'eligible': 6904, 'applied': 6893, 'changed': 6638, 'skipped': 11, 'history': 0, 'stale': 11, 'clipped': 0, 'gap': 0, 'nonfinite': 0}
CHECKPOINT train 30618_a395846d {'eligible': 7813, 'applied': 7730, 'changed': 7511, 'skipped': 83, 'history': 0, 'stale': 83, 'clipped': 0, 'gap': 0, 'nonfinite': 0}
CHECKPOINT train 30618_a53d5f6f {'eligible': 7748, 'applied': 7737, 'changed': 7368, 'skipped': 11, 'history': 0, 'stale': 11, 'clipped': 0, 'gap': 0, 'nonfinite': 0}
CHECKPOINT train 30618_ab5921a4 {'eligible': 8429, 'applied': 8421, 'changed': 8026, 'skipped': 8, 'history': 0, 'stale': 8, 'clipped': 0, 'gap': 0, 'nonfinite': 0}
CHECKPOINT train 30618_b3042f78 {'eligible': 7723, 'applied': 7700, 'changed': 6780, 'skipped': 23, 'history': 0, 'stale': 23, 'clipped': 0, 'gap': 0, 'nonfinite': 0}
CHECKPOINT train 30618_b83d854d {'eligible': 8350, 'applied': 8343, 'changed': 7783, 'skipped': 7, 'history': 0, 'stale': 7, 'clipped': 0, 'gap': 0, 'nonfinite': 0}
CHECKPOINT train 30618_bab2fe58 {'eligible': 438, 'applied': 438, 'changed': 171, 'skipped': 0, 'history': 0, 'stale': 0, 'clipped': 0, 'gap': 0, 'nonfinite': 0}
CHECKPOINT train 30618_bc5e53c2 {'eligible': 0, 'applied': 0, 'changed': 0, 'skipped': 0, 'history': 0, 'stale': 0, 'clipped': 0, 'gap': 0, 'nonfinite': 0}
CHECKPOINT train 30618_b95ca60a {'eligible': 7042, 'applied': 7034, 'changed': 6813, 'skipped': 8, 'history': 0, 'stale': 8, 'clipped': 0, 'gap': 0, 'nonfinite': 0}
CHECKPOINT train 30618_cfd9fd5a {'eligible': 7735, 'applied': 7728, 'changed': 7241, 'skipped': 7, 'history': 0, 'stale': 7, 'clipped': 0, 'gap': 0, 'nonfinite': 0}
CHECKPOINT train 30618_d4ba7005 {'eligible': 6756, 'applied': 6752, 'changed': 6214, 'skipped': 4, 'history': 0, 'stale': 4, 'clipped': 0, 'gap': 0, 'nonfinite': 0}
CHECKPOINT train 30618_dd8e6395 {'eligible': 7099, 'applied': 7079, 'changed': 6623, 'skipped': 20, 'history': 0, 'stale': 20, 'clipped': 0, 'gap': 0, 'nonfinite': 0}
CHECKPOINT train 30618_ddad08d6 {'eligible': 7302, 'applied': 7293, 'changed': 6710, 'skipped': 9, 'history': 0, 'stale': 9, 'clipped': 0, 'gap': 0, 'nonfinite': 0}
CHECKPOINT train 30618_e2dcf65f {'eligible': 6915, 'applied': 6915, 'changed': 6643, 'skipped': 0, 'history': 0, 'stale': 0, 'clipped': 0, 'gap': 0, 'nonfinite': 0}
CHECKPOINT train 30618_e392e5bd {'eligible': 7590, 'applied': 7589, 'changed': 7280, 'skipped': 1, 'history': 0, 'stale': 1, 'clipped': 0, 'gap': 0, 'nonfinite': 0}
CHECKPOINT train 30618_e3d94878 {'eligible': 7476, 'applied': 7473, 'changed': 6169, 'skipped': 3, 'history': 0, 'stale': 3, 'clipped': 0, 'gap': 0, 'nonfinite': 0}
CHECKPOINT train 30618_e7dcdab1 {'eligible': 7597, 'applied': 7590, 'changed': 7079, 'skipped': 7, 'history': 0, 'stale': 7, 'clipped': 0, 'gap': 0, 'nonfinite': 0}
CHECKPOINT train 30618_efb92709 {'eligible': 8522, 'applied': 8509, 'changed': 7873, 'skipped': 13, 'history': 0, 'stale': 13, 'clipped': 0, 'gap': 0, 'nonfinite': 0}
CHECKPOINT train 30618_f19a4ac3 {'eligible': 8067, 'applied': 8055, 'changed': 7742, 'skipped': 12, 'history': 0, 'stale': 12, 'clipped': 0, 'gap': 0, 'nonfinite': 0}
CHECKPOINT train 30618_f28179bb {'eligible': 7316, 'applied': 7272, 'changed': 6776, 'skipped': 44, 'history': 0, 'stale': 44, 'clipped': 0, 'gap': 0, 'nonfinite': 0}
CHECKPOINT train 30618_f3b8c99b {'eligible': 7347, 'applied': 7315, 'changed': 6627, 'skipped': 32, 'history': 0, 'stale': 32, 'clipped': 0, 'gap': 0, 'nonfinite': 0}
CHECKPOINT train 30639_0be558e2 {'eligible': 8709, 'applied': 8708, 'changed': 8143, 'skipped': 1, 'history': 0, 'stale': 1, 'clipped': 0, 'gap': 0, 'nonfinite': 0}
CHECKPOINT train 30639_2b4a6347 {'eligible': 7930, 'applied': 7929, 'changed': 7616, 'skipped': 1, 'history': 0, 'stale': 1, 'clipped': 0, 'gap': 0, 'nonfinite': 0}
CHECKPOINT train 30639_44226bde {'eligible': 7938, 'applied': 7934, 'changed': 7539, 'skipped': 4, 'history': 0, 'stale': 4, 'clipped': 0, 'gap': 0, 'nonfinite': 0}
CHECKPOINT train 30639_4285f2bc {'eligible': 8494, 'applied': 8493, 'changed': 7690, 'skipped': 1, 'history': 0, 'stale': 1, 'clipped': 0, 'gap': 0, 'nonfinite': 0}
CHECKPOINT train 30639_927002c2 {'eligible': 7554, 'applied': 7551, 'changed': 7343, 'skipped': 3, 'history': 0, 'stale': 3, 'clipped': 0, 'gap': 0, 'nonfinite': 0}
CHECKPOINT train 30639_92226df0 {'eligible': 8833, 'applied': 8829, 'changed': 8528, 'skipped': 4, 'history': 0, 'stale': 4, 'clipped': 0, 'gap': 0, 'nonfinite': 0}
CHECKPOINT train 30639_d3c43d69 {'eligible': 7648, 'applied': 7643, 'changed': 7102, 'skipped': 5, 'history': 0, 'stale': 5, 'clipped': 0, 'gap': 0, 'nonfinite': 0}
{
  "role": "train",
  "coverage": {
    "passed": true,
    "reasons": [],
    "counts": {
      "eligible": 441264,
      "applied": 440014,
      "changed": 413837,
      "skipped": 1250,
      "history": 0,
      "stale": 1250,
      "clipped": 0,
      "gap": 0,
      "nonfinite": 0
    },
    "groups": {
      "95a748306e6cbf16": {
        "eligible": 29278,
        "applied": 29242,
        "changed": 27758,
        "skipped": 36,
        "history": 0,
        "stale": 36,
        "clipped": 0,
        "gap": 0,
        "nonfinite": 0
      },
      "1e811c142a49aa16": {
        "eligible": 0,
        "applied": 0,
        "changed": 0,
        "skipped": 0,
        "history": 0,
        "stale": 0,
        "clipped": 0,
        "gap": 0,
        "nonfinite": 0
      },
      "e894436afa9dd9f1": {
        "eligible": 15246,
        "applied": 15234,
        "changed": 14699,
        "skipped": 12,
        "history": 0,
        "stale": 12,
        "clipped": 0,
        "gap": 0,
        "nonfinite": 0
      },
      "86c32e441a296aaa": {
        "eligible": 29692,
        "applied": 29648,
        "changed": 28428,
        "skipped": 44,
        "history": 0,
        "stale": 44,
        "clipped": 0,
        "gap": 0,
        "nonfinite": 0
      },
      "96d0ec5b7ee50e7e": {
        "eligible": 15,
        "applied": 15,
        "changed": 15,
        "skipped": 0,
        "history": 0,
        "stale": 0,
        "clipped": 0,
        "gap": 0,
        "nonfinite": 0
      },
      "0f36b619fba02a9b": {
        "eligible": 30972,
        "applied": 30804,
        "changed": 29672,
        "skipped": 168,
        "history": 0,
        "stale": 168,
        "clipped": 0,
        "gap": 0,
        "nonfinite": 0
      },
      "c8a1e61d1b0710e9": {
        "eligible": 30538,
        "applied": 30258,
        "changed": 28138,
        "skipped": 280,
        "history": 0,
        "stale": 280,
        "clipped": 0,
        "gap": 0,
        "nonfinite": 0
      },
      "4a5f0d46327316bb": {
        "eligible": 15254,
        "applied": 15222,
        "changed": 14406,
        "skipped": 32,
        "history": 0,
        "stale": 32,
        "clipped": 0,
        "gap": 0,
        "nonfinite": 0
      },
      "8ff91290187a9769": {
        "eligible": 29342,
        "applied": 29204,
        "changed": 27546,
        "skipped": 138,
        "history": 0,
        "stale": 138,
        "clipped": 0,
        "gap": 0,
        "nonfinite": 0
      },
      "bc403256f12f9710": {
        "eligible": 30140,
        "applied": 30030,
        "changed": 26814,
        "skipped": 110,
        "history": 0,
        "stale": 110,
        "clipped": 0,
        "gap": 0,
        "nonfinite": 0
      },
      "dc785decbed3d7ce": {
        "eligible": 15963,
        "applied": 15955,
        "changed": 15076,
        "skipped": 8,
        "history": 0,
        "stale": 8,
        "clipped": 0,
        "gap": 0,
        "nonfinite": 0
      },
      "58dd5f96d4201195": {
        "eligible": 29888,
        "applied": 29846,
        "changed": 27946,
        "skipped": 42,
        "history": 0,
        "stale": 42,
        "clipped": 0,
        "gap": 0,
        "nonfinite": 0
      },
      "bf69dbfe85be52b0": {
        "eligible": 29246,
        "applied": 29022,
        "changed": 27282,
        "skipped": 224,
        "history": 0,
        "stale": 224,
        "clipped": 0,
        "gap": 0,
        "nonfinite": 0
      },
      "b8fda5f0647666fb": {
        "eligible": 14329,
        "applied": 14275,
        "changed": 13651,
        "skipped": 54,
        "history": 0,
        "stale": 54,
        "clipped": 0,
        "gap": 0,
        "nonfinite": 0
      },
      "5c1be3e9a2189121": {
        "eligible": 438,
        "applied": 438,
        "changed": 171,
        "skipped": 0,
        "history": 0,
        "stale": 0,
        "clipped": 0,
        "gap": 0,
        "nonfinite": 0
      },
      "6090ff2c1bc8dee6": {
        "eligible": 15075,
        "applied": 15053,
        "changed": 14329,
        "skipped": 22,
        "history": 0,
        "stale": 22,
        "clipped": 0,
        "gap": 0,
        "nonfinite": 0
      },
      "2b1581126a480c0f": {
        "eligible": 15650,
        "applied": 15643,
        "changed": 14745,
        "skipped": 7,
        "history": 0,
        "stale": 7,
        "clipped": 0,
        "gap": 0,
        "nonfinite": 0
      },
      "1cff0aebccb39ff5": {
        "eligible": 16496,
        "applied": 16476,
        "changed": 15768,
        "skipped": 20,
        "history": 0,
        "stale": 20,
        "clipped": 0,
        "gap": 0,
        "nonfinite": 0
      },
      "eeabf7d118bbcdac": {
        "eligible": 15826,
        "applied": 15816,
        "changed": 13952,
        "skipped": 10,
        "history": 0,
        "stale": 10,
        "clipped": 0,
        "gap": 0,
        "nonfinite": 0
      },
      "49fc4c6fb44fd0ea": {
        "eligible": 0,
        "applied": 0,
        "changed": 0,
        "skipped": 0,
        "history": 0,
        "stale": 0,
        "clipped": 0,
        "gap": 0,
        "nonfinite": 0
      },
      "0448e10aab8a0e05": {
        "eligible": 13855,
        "applied": 13831,
        "changed": 12837,
        "skipped": 24,
        "history": 0,
        "stale": 24,
        "clipped": 0,
        "gap": 0,
        "nonfinite": 0
      },
      "de891506667c23f9": {
        "eligible": 6915,
        "applied": 6915,
        "changed": 6643,
        "skipped": 0,
        "history": 0,
        "stale": 0,
        "clipped": 0,
        "gap": 0,
        "nonfinite": 0
      },
      "0d4506540f0e7621": {
        "eligible": 8709,
        "applied": 8708,
        "changed": 8143,
        "skipped": 1,
        "history": 0,
        "stale": 1,
        "clipped": 0,
        "gap": 0,
        "nonfinite": 0
      },
      "bc1e4cbe924a90ce": {
        "eligible": 16424,
        "applied": 16422,
        "changed": 15306,
        "skipped": 2,
        "history": 0,
        "stale": 2,
        "clipped": 0,
        "gap": 0,
        "nonfinite": 0
      },
      "f28fe86416cc8dc2": {
        "eligible": 15586,
        "applied": 15577,
        "changed": 14641,
        "skipped": 9,
        "history": 0,
        "stale": 9,
        "clipped": 0,
        "gap": 0,
        "nonfinite": 0
      },
      "4ca08ed0da0cb611": {
        "eligible": 8833,
        "applied": 8829,
        "changed": 8528,
        "skipped": 4,
        "history": 0,
        "stale": 4,
        "clipped": 0,
        "gap": 0,
        "nonfinite": 0
      },
      "8232b134be2a5002": {
        "eligible": 7554,
        "applied": 7551,
        "changed": 7343,
        "skipped": 3,
        "history": 0,
        "stale": 3,
        "clipped": 0,
        "gap": 0,
        "nonfinite": 0
      }
    },
    "transition_updates": 93020
  },
  "decision": null,
  "test_evaluated": false
}
