TRAIN 30618_0259fe53 pairs 273 exact_baseline True
TRAIN 30618_082f1d65 pairs 0 exact_baseline True
TRAIN 30618_095a115b pairs 423 exact_baseline True
TRAIN 30618_0a83c933 pairs 454 exact_baseline True
TRAIN 30618_0d865417 pairs 0 exact_baseline True
TRAIN 30618_1cc230fa pairs 252 exact_baseline True
TRAIN 30618_20096314 pairs 302 exact_baseline True
TRAIN 30618_2050d396 pairs 285 exact_baseline True
TRAIN 30618_2161b58b pairs 241 exact_baseline True
TRAIN 30618_21dd3af3 pairs 134 exact_baseline True
TRAIN 30618_22c1c589 pairs 389 exact_baseline True
TRAIN 30618_2366c74a pairs 266 exact_baseline True
TRAIN 30618_2d2fa7be pairs 128 exact_baseline True
TRAIN 30618_2f2f1175 pairs 345 exact_baseline True
TRAIN 30618_3e9f4952 pairs 310 exact_baseline True
TRAIN 30618_40ffd323 pairs 128 exact_baseline True
TRAIN 30618_45ff6f99 pairs 0 exact_baseline True
TRAIN 30618_4d487b0d pairs 243 exact_baseline True
TRAIN 30618_616ec56b pairs 308 exact_baseline True
TRAIN 30618_67b89902 pairs 282 exact_baseline True
TRAIN 30618_748832b9 pairs 369 exact_baseline True
TRAIN 30618_7849303f pairs 369 exact_baseline True
TRAIN 30618_79b204dc pairs 186 exact_baseline True
TRAIN 30618_7a152380 pairs 89 exact_baseline True
TRAIN 30618_7b4d83f4 pairs 371 exact_baseline True
TRAIN 30618_8158f0b0 pairs 415 exact_baseline True
TRAIN 30618_81c22fee pairs 301 exact_baseline True
TRAIN 30618_87afe526 pairs 425 exact_baseline True
TRAIN 30618_887a2b9a pairs 186 exact_baseline True
TRAIN 30618_8eb8615c pairs 128 exact_baseline True
TRAIN 30618_8f08df08 pairs 89 exact_baseline True
TRAIN 30618_92b1b453 pairs 301 exact_baseline True
TRAIN 30618_93dc866e pairs 266 exact_baseline True
TRAIN 30618_98161270 pairs 0 exact_baseline True
TRAIN 30618_9bbe6faa pairs 368 exact_baseline True
TRAIN 30618_9c09b081 pairs 421 exact_baseline True
TRAIN 30618_9c10cd0d pairs 368 exact_baseline True
TRAIN 30618_a395846d pairs 252 exact_baseline True
TRAIN 30618_a53d5f6f pairs 312 exact_baseline True
TRAIN 30618_ab5921a4 pairs 442 exact_baseline True
TRAIN 30618_b3042f78 pairs 243 exact_baseline True
TRAIN 30618_b83d854d pairs 383 exact_baseline True
TRAIN 30618_b95ca60a pairs 379 exact_baseline True
TRAIN 30618_bab2fe58 pairs 6 exact_baseline True
TRAIN 30618_bc5e53c2 pairs 0 exact_baseline True
TRAIN 30618_cfd9fd5a pairs 273 exact_baseline True
TRAIN 30618_d4ba7005 pairs 255 exact_baseline True
TRAIN 30618_dd8e6395 pairs 223 exact_baseline True
TRAIN 30618_ddad08d6 pairs 345 exact_baseline True
TRAIN 30618_e2dcf65f pairs 437 exact_baseline True
TRAIN 30618_e392e5bd pairs 454 exact_baseline True
TRAIN 30618_e3d94878 pairs 252 exact_baseline True
TRAIN 30618_e7dcdab1 pairs 302 exact_baseline True
TRAIN 30618_efb92709 pairs 128 exact_baseline True
TRAIN 30618_f19a4ac3 pairs 311 exact_baseline True
TRAIN 30618_f28179bb pairs 241 exact_baseline True
TRAIN 30618_f3b8c99b pairs 134 exact_baseline True
TRAIN 30639_0be558e2 pairs 144 exact_baseline True
TRAIN 30639_2b4a6347 pairs 251 exact_baseline True
TRAIN 30639_4285f2bc pairs 231 exact_baseline True
TRAIN 30639_44226bde pairs 355 exact_baseline True
TRAIN 30639_92226df0 pairs 422 exact_baseline True
TRAIN 30639_927002c2 pairs 234 exact_baseline True
TRAIN 30639_d3c43d69 pairs 296 exact_baseline True
{
  "scientific_verdict": "INCONCLUSIVE",
  "reasons": [
    "NO_RESOLVED_RELATIVE_MISMATCH",
    "GROUP_UNSTABLE:fit",
    "GROUP_UNSTABLE:check",
    "REGIME_DEPENDENT:regime:traction"
  ],
  "mechanism_status": "TRAIN_RATIO_DIAGNOSED_RUNTIME_NOT_IMPLEMENTED",
  "coverage_status": "SUFFICIENT_TRAIN_PAIRS",
  "accuracy_contract_passed": false,
  "runtime_verified": false,
  "ready_to_merge": false,
  "delta_raw": 5.27887939016801e-05,
  "delta": 5.27887939016801e-05,
  "timing_bound": 0.0,
  "effect_epsilon": 0.0001,
  "compatibility_tolerance": 0.0005,
  "qualified_groups": 23,
  "fitting_groups": 15,
  "check_groups": 8,
  "selected_pairs_unique_qualified": 12635,
  "stability": {
    "fit": {
      "same_sign_fraction": 0.7333333333333333,
      "compatible_fraction": 1.0
    },
    "check": {
      "same_sign_fraction": 0.5,
      "compatible_fraction": 1.0
    },
    "q90_minus_q10": 0.00024476046836769696
  },
  "check_proxy": null,
  "development_evaluated": false,
  "validation_evaluated": false,
  "test_evaluated": false,
  "candidate_runtime_sha": null,
  "validation_freeze_sha": null,
  "accuracy_metrics": null,
  "runtime_cpu_overhead": null,
  "baseline": "e3b0c9c039d2953fbfcda51231263d38ef9f1024",
  "diagnostic_source_sha": "e5427c7cdeed85184f472a37db03091f2b413593",
  "all_bags": 64,
  "unique_wire_bags": 48,
  "total_outputs": 1370779,
  "total_pairs_including_duplicates": 16720,
  "all_exact_baseline_reproduction": true
}
