1 A_baseline0 1.0
2 A_baseline1 1.0
3 A_C00 0.9919358040775982
4 A_C01 0.9919358040775982
10 line_5 0.9910655321476995
20 line_15 0.9870263000396732
30 powell_full 1.3619510955242626
40 powell_full 1.0004012746959392
50 powell_full 1.000009820343337
60 powell_full 1.0000003851226946
70 powell_full 0.9924845422514973
80 powell_full 0.991849752172687
90 powell_full 0.9918496168983539
100 powell_full 0.9965873156849095
110 powell_full 1.913881078369787
120 powell_full 0.9842882379010242
130 powell_full 0.9851891154753073
140 powell_full 1.4647076350909982
150 powell_full 0.9842489880334759
FROZEN full 0.9842489831862532 130 Maximum number of function evaluations has been exceeded.
160 powell_fold0 1.416942417371087
170 powell_fold0 1.0000347918893195
180 powell_fold0 1.0000065359897825
190 powell_fold0 0.9884154208438275
200 powell_fold0 0.9874573780258837
210 powell_fold0 0.9874573759020205
220 powell_fold0 0.9864238559852938
230 powell_fold0 0.9862598583302566
240 powell_fold0 0.9862609512589086
250 powell_fold0 0.9862912400462333
260 powell_fold0 0.9862555678514444
270 powell_fold0 0.9862551992330272
280 powell_fold0 1.3365353000760962
FROZEN fold0 0.9862551963324604 130 Maximum number of function evaluations has been exceeded.
290 powell_fold1 1.4012651214607075
300 powell_fold1 1.0000097224973286
310 powell_fold1 1.0000003712197088
320 powell_fold1 0.9915272086441098
330 powell_fold1 0.9914819449591087
340 powell_fold1 3.0703704835004633
350 powell_fold1 0.9910012622145868
360 powell_fold1 0.9909232486633989
370 powell_fold1 0.9972738348107554
380 powell_fold1 0.9911903224124703
390 powell_fold1 0.9908533717951982
400 powell_fold1 1.3658688285946667
410 powell_fold1 0.9907960171292371
FROZEN fold1 0.9908533717951982 130 Maximum number of function evaluations has been exceeded.
420 powell_fold2 1.454400109827304
430 powell_fold2 1.0000302949512638
440 powell_fold2 1.000000681493173
450 powell_fold2 1.015585436691482
460 powell_fold2 0.9958088253876044
470 powell_fold2 0.9793802308829272
480 powell_fold2 0.9792700656381397
490 powell_fold2 0.9792078427909822
500 powell_fold2 0.9767152947728504
510 powell_fold2 0.9744882522205607
520 powell_fold2 0.9743462948655103
530 powell_fold2 0.9743324756976411
540 powell_fold2 0.9743321244805171
FROZEN fold2 0.9743321244805171 130 Maximum number of function evaluations has been exceeded.
550 powell_fold3 1.5048620310560465
560 powell_fold3 1.000216850265892
570 powell_fold3 1.0000001847927087
580 powell_fold3 0.9916255231256873
590 powell_fold3 0.99144739190628
600 powell_fold3 0.9914455804969136
610 powell_fold3 0.9921321254417008
620 powell_fold3 0.9914386801730711
630 powell_fold3 0.9914345276349124
640 powell_fold3 0.9916143513013025
650 powell_fold3 0.991432737205404
660 powell_fold3 0.991430365283153
670 powell_fold3 1.1030550065682567
FROZEN fold3 0.9914303624542642 130 Maximum number of function evaluations has been exceeded.
680 powell_fold4 1.1264590949324393
690 powell_fold4 0.9952762583644615
700 powell_fold4 0.9804058103979999
710 powell_fold4 0.9702062752552
720 powell_fold4 0.970202523000926
730 powell_fold4 0.966186831485542
740 powell_fold4 0.9644847585689518
750 powell_fold4 0.9810271805580446
760 powell_fold4 0.9626568856451113
770 powell_fold4 0.9744611743870546
780 powell_fold4 0.9625444792440913
790 powell_fold4 0.9682245085598629
800 powell_fold4 1.783398415938132
FROZEN fold4 0.9625169966879151 130 Maximum number of function evaluations has been exceeded.
806 final_full0 0.9842489831862532
807 final_full1 0.9842489831862532
808 final_fold0_0 0.9862551963324604
809 final_fold0_1 0.9862551963324604
810 heldout_base_fold0 1.0
811 heldout_fold0_0 1.0403627359838976
812 heldout_fold0_1 1.0403627359838976
813 final_fold1_0 0.9908533717951982
814 final_fold1_1 0.9908533717951982
815 heldout_base_fold1 1.0
816 heldout_fold1_0 0.9903730514797255
817 heldout_fold1_1 0.9903730514797255
818 final_fold2_0 0.9743321244805171
819 final_fold2_1 0.9743321244805171
820 heldout_base_fold2 1.0
821 heldout_fold2_0 1.0208274316571306
822 heldout_fold2_1 1.0208274316571306
823 final_fold3_0 0.9914303624542642
824 final_fold3_1 0.9914303624542642
825 heldout_base_fold3 1.0
826 heldout_fold3_0 0.9906359890404115
827 heldout_fold3_1 0.9906359890404115
828 final_fold4_0 0.9625169966879151
829 final_fold4_1 0.9625169966879151
830 heldout_base_fold4 1.0
831 heldout_fold4_0 1.0992800549972555
832 heldout_fold4_1 1.0992800549972555
{"status": "TRAIN_OBJECTIVE_OPTIMIZABLE_BUT_NOT_TRANSFERABLE", "gates": {"A": true, "B": true, "C": false, "D": true}, "baseline_J1": 1.0, "C0_J1": 0.9919358040775982, "full_J1": 0.9842489831862532, "full_gain_pct": 1.5751016813746799, "heldout_improved": 2, "median_heldout_gain_pct": -2.0827431657130635, "worst_heldout_regression_pct": 9.928005499725545, "theta_min": [1.1884342655040487, 8.391538846652274, 1.1393809905115309], "theta_max": [1.2367633601659456, 12.81615860102368, 1.2386706676537522], "max_fold_log_distance": 0.42349275688559906, "actual_evaluations": 832, "forbidden_data_opened": false, "check_development_validation_final_opened": false, "accuracy_candidate": false, "runtime_modified": false, "full_solver_success": false, "fold_solver_success": [false, false, false, false, false], "physical_seconds": 903.7031051974045}
