TRAIN 30618_0259fe53 trusted 7818 tight 1163
TRAIN 30618_082f1d65 trusted 0 tight 0
TRAIN 30618_095a115b trusted 8207 tight 1185
TRAIN 30618_0a83c933 trusted 7636 tight 1153
TRAIN 30618_0d865417 trusted 15 tight 0
TRAIN 30618_1cc230fa trusted 7908 tight 908
TRAIN 30618_20096314 trusted 7630 tight 1233
TRAIN 30618_2050d396 trusted 7588 tight 667
TRAIN 30618_2161b58b trusted 7357 tight 1187
TRAIN 30618_21dd3af3 trusted 7397 tight 1200
TRAIN 30618_22c1c589 trusted 7401 tight 934
TRAIN 30618_2366c74a trusted 6443 tight 977
TRAIN 30618_2d2fa7be trusted 7408 tight 940
TRAIN 30618_2f2f1175 trusted 7315 tight 1219
TRAIN 30618_3e9f4952 trusted 7612 tight 630
TRAIN 30618_40ffd323 trusted 8573 tight 1343
TRAIN 30618_45ff6f99 trusted 0 tight 0
TRAIN 30618_4d487b0d trusted 7758 tight 1131
TRAIN 30618_616ec56b trusted 7294 tight 939
TRAIN 30618_67b89902 trusted 6913 tight 814
TRAIN 30618_748832b9 trusted 7727 tight 1147
TRAIN 30618_7849303f trusted 7727 tight 1147
TRAIN 30618_79b204dc trusted 7453 tight 1110
TRAIN 30618_7a152380 trusted 7790 tight 1021
TRAIN 30618_7b4d83f4 trusted 7722 tight 840
TRAIN 30618_8158f0b0 trusted 7871 tight 1268
TRAIN 30618_81c22fee trusted 7303 tight 990
TRAIN 30618_87afe526 trusted 8022 tight 1290
TRAIN 30618_887a2b9a trusted 7453 tight 1110
TRAIN 30618_8eb8615c trusted 7408 tight 940
TRAIN 30618_8f08df08 trusted 7790 tight 1021
TRAIN 30618_92b1b453 trusted 7303 tight 990
TRAIN 30618_93dc866e trusted 6443 tight 977
TRAIN 30618_98161270 trusted 0 tight 0
TRAIN 30618_9bbe6faa trusted 6931 tight 928
TRAIN 30618_9c09b081 trusted 8630 tight 1475
TRAIN 30618_9c10cd0d trusted 6931 tight 928
TRAIN 30618_a395846d trusted 7908 tight 908
TRAIN 30618_a53d5f6f trusted 7817 tight 976
TRAIN 30618_ab5921a4 trusted 8475 tight 1187
TRAIN 30618_b3042f78 trusted 7758 tight 1131
TRAIN 30618_b83d854d trusted 8417 tight 1364
TRAIN 30618_b95ca60a trusted 7069 tight 905
TRAIN 30618_bab2fe58 trusted 436 tight 75
TRAIN 30618_bc5e53c2 trusted 0 tight 0
TRAIN 30618_cfd9fd5a trusted 7818 tight 1163
TRAIN 30618_d4ba7005 trusted 6839 tight 734
TRAIN 30618_dd8e6395 trusted 7220 tight 575
TRAIN 30618_ddad08d6 trusted 7315 tight 1219
TRAIN 30618_e2dcf65f trusted 6932 tight 989
TRAIN 30618_e392e5bd trusted 7636 tight 1153
TRAIN 30618_e3d94878 trusted 7478 tight 1384
TRAIN 30618_e7dcdab1 trusted 7630 tight 1233
TRAIN 30618_efb92709 trusted 8573 tight 1343
TRAIN 30618_f19a4ac3 trusted 8117 tight 862
TRAIN 30618_f28179bb trusted 7357 tight 1187
TRAIN 30618_f3b8c99b trusted 7397 tight 1200
TRAIN 30639_0be558e2 trusted 8702 tight 1269
TRAIN 30639_2b4a6347 trusted 7937 tight 878
TRAIN 30639_4285f2bc trusted 8494 tight 1344
TRAIN 30639_44226bde trusted 7991 tight 1223
TRAIN 30639_92226df0 trusted 8853 tight 1128
TRAIN 30639_927002c2 trusted 7560 tight 677
TRAIN 30639_d3c43d69 trusted 7659 tight 1306
{
  "baseline": "e3b0c9c039d2953fbfcda51231263d38ef9f1024",
  "precheck_commit": "92e8271945f06f8ff332eeb41816cb8d6a8332dc",
  "split": {
    "fitting": [
      "dc785decbed3d7ce",
      "1e811c142a49aa16",
      "bf69dbfe85be52b0",
      "bc1e4cbe924a90ce",
      "0d4506540f0e7621",
      "49fc4c6fb44fd0ea",
      "e894436afa9dd9f1",
      "c8a1e61d1b0710e9",
      "de891506667c23f9",
      "0f36b619fba02a9b",
      "0448e10aab8a0e05",
      "8232b134be2a5002",
      "95a748306e6cbf16",
      "1cff0aebccb39ff5",
      "bc403256f12f9710",
      "58dd5f96d4201195",
      "6090ff2c1bc8dee6",
      "4a5f0d46327316bb",
      "8ff91290187a9769",
      "b8fda5f0647666fb"
    ],
    "check": [
      "2b1581126a480c0f",
      "5c1be3e9a2189121",
      "86c32e441a296aaa",
      "f28fe86416cc8dc2",
      "eeabf7d118bbcdac",
      "4ca08ed0da0cb611",
      "96d0ec5b7ee50e7e"
    ]
  },
  "nuisance": {
    "kind": "group-balanced fixed ridge; not runtime fit",
    "coefficient": [
      0.002643720183744183,
      0.01838329072092593,
      -0.020001656155469682,
      0.11535359550826566,
      0.020222618364774413,
      0.02097451800541603,
      0.0718692173836011,
      -0.000495930501301833,
      0.00035244812051135843
    ],
    "fitting_groups": [
      "dc785decbed3d7ce",
      "bf69dbfe85be52b0",
      "bc1e4cbe924a90ce",
      "0d4506540f0e7621",
      "e894436afa9dd9f1",
      "c8a1e61d1b0710e9",
      "de891506667c23f9",
      "0f36b619fba02a9b",
      "0448e10aab8a0e05",
      "8232b134be2a5002",
      "95a748306e6cbf16",
      "1cff0aebccb39ff5",
      "bc403256f12f9710",
      "58dd5f96d4201195",
      "6090ff2c1bc8dee6",
      "4a5f0d46327316bb",
      "8ff91290187a9769",
      "b8fda5f0647666fb"
    ],
    "fitting_points": 351957,
    "ridge": 0.001
  },
  "foundation_passed": false,
  "scientific_verdict": "INCONCLUSIVE",
  "reasons": [
    "correlation_not_retained_after_dynamics_control"
  ],
  "qualifying_check_groups": 5,
  "qualifying_check_pairs": 8231,
  "supporting_check_groups": 5,
  "controlled_check_median_rho1": 0.28568371556625843,
  "age_adjusted_steady_check_median_rho1": 0.8445099496332241,
  "controlled_fitting_median_rho1": 0.4296766087961684,
  "actual_candidate_interventions": 0,
  "ar1_objective_calls": 0,
  "validation_accessed": false,
  "test_accessed": false,
  "train_bags": 64,
  "elapsed_wall_s": 102.97906430500001,
  "process_cpu_s": 102.69240519,
  "total_trusted": 444165
}
