DEVELOPMENT 30618_0652866c active 12534 veto 0
DEVELOPMENT 30618_073f08d1 active 11239 veto 0
DEVELOPMENT 30618_117c2d02 active 10199 veto 2
DEVELOPMENT 30618_1551d0a9 active 0 veto 0
DEVELOPMENT 30618_27e994fc active 12007 veto 0
DEVELOPMENT 30618_3e012faf active 9570 veto 0
DEVELOPMENT 30618_46e21b9b active 10199 veto 2
DEVELOPMENT 30618_5036aa78 active 176 veto 0
DEVELOPMENT 30618_74559c73 active 476 veto 0
DEVELOPMENT 30618_88548b02 active 9951 veto 0
DEVELOPMENT 30618_bcc9e7a2 active 9570 veto 0
DEVELOPMENT 30618_e151d6e4 active 0 veto 0
DEVELOPMENT 30639_0ab96c59 active 56 veto 0
DEVELOPMENT 30639_9c362687 active 12641 veto 0
DEVELOPMENT 30639_c31df386 active 12444 veto 0
DEVELOPMENT 30639_dce52be4 active 11168 veto 0
DEVELOPMENT 30639_e4379d7f active 12918 veto 0
{
  "stage": "development",
  "verdict": "INCONCLUSIVE",
  "validation_authorized": false,
  "mechanism_covered": false,
  "active_ticks": 158403,
  "veto_ticks": 9,
  "veto_groups": [
    "664cca45aeb0db23",
    "70bb14d1c90f301f",
    "8269991eafa82c45"
  ],
  "reference_classification": {
    "unlabelled": 8,
    "accepted_far_from_reference": 1940,
    "active_missed_rejection_proxy": 1110,
    "fault_consistent_rejection": 9
  },
  "admission": {
    "summary": {
      "r2_baseline": {
        "clean_rmse": 0.09266814298282507,
        "fault_rmse": 0.2375486120563008,
        "distance_rmse": 5.310295004801444,
        "samples": 394221,
        "pooled_rmse": 0.1293056944774334,
        "false_stops_clean": 0,
        "false_stops_fault": 0,
        "unrecovered": 4
      },
      "h21_envelope": {
        "clean_rmse": 0.09266814298282507,
        "fault_rmse": 0.2375486120563008,
        "distance_rmse": 5.310295004801444,
        "samples": 394221,
        "pooled_rmse": 0.1293056944774334,
        "false_stops_clean": 0,
        "false_stops_fault": 0,
        "unrecovered": 4
      }
    },
    "gains": {
      "clean_rmse": 0.0,
      "fault_rmse": 0.0
    },
    "reasons": [
      "insufficient_gain"
    ],
    "passed": false,
    "missing": false
  },
  "unsafe_reasons": [],
  "diagnostic_suite_separate": true,
  "test_evaluated": false,
  "ready_to_merge": false,
  "ros_benchmark": "not run; required only if accuracy passes"
}
