CHECKPOINT development 30618_073f08d1 async updates 0
CHECKPOINT development 30618_0652866c async updates 0
CHECKPOINT development 30618_1551d0a9 async updates 0
CHECKPOINT development 30618_117c2d02 async updates 0
CHECKPOINT development 30618_27e994fc async updates 0
CHECKPOINT development 30618_3e012faf async updates 0
CHECKPOINT development 30618_5036aa78 async updates 0
CHECKPOINT development 30618_74559c73 async updates 0
CHECKPOINT development 30618_46e21b9b async updates 0
CHECKPOINT development 30618_88548b02 async updates 0
CHECKPOINT development 30618_e151d6e4 async updates 0
CHECKPOINT development 30639_0ab96c59 async updates 0
CHECKPOINT development 30618_bcc9e7a2 async updates 0
CHECKPOINT development 30639_9c362687 async updates 0
CHECKPOINT development 30639_c31df386 async updates 0
CHECKPOINT development 30639_dce52be4 async updates 0
CHECKPOINT development 30639_e4379d7f async updates 0
{
  "eligible": false,
  "rejection_reasons": [
    "insufficient_gain"
  ],
  "safety_failures": [],
  "summary": {
    "v7_baseline": {
      "clean_rmse": 0.09266814298282507,
      "fault_rmse": 0.2375486120563008,
      "distance_rmse": 5.310295004801444,
      "samples": 394221,
      "pooled_rmse": 0.1293056944774334,
      "false_stops_clean": 0,
      "false_stops_fault": 0,
      "unrecovered": 4
    },
    "H14_async_pairs": {
      "clean_rmse": 0.09266814298282507,
      "fault_rmse": 0.2375486120563008,
      "distance_rmse": 5.310295004801444,
      "samples": 394221,
      "pooled_rmse": 0.1293056944774334,
      "false_stops_clean": 0,
      "false_stops_fault": 0,
      "unrecovered": 4
    },
    "H14_off": {
      "clean_rmse": 0.09266814298282507,
      "fault_rmse": 0.2375486120563008,
      "distance_rmse": 5.310295004801444,
      "samples": 394221,
      "pooled_rmse": 0.1293056944774334,
      "false_stops_clean": 0,
      "false_stops_fault": 0,
      "unrecovered": 4
    },
    "v7_hook": {
      "clean_rmse": 0.09266814298282507,
      "fault_rmse": 0.2375486120563008,
      "distance_rmse": 5.310295004801444,
      "samples": 394221,
      "pooled_rmse": 0.1293056944774334,
      "false_stops_clean": 0,
      "false_stops_fault": 0,
      "unrecovered": 4
    }
  },
  "changes": {
    "clean_rmse": {
      "baseline": 0.09266814298282507,
      "candidate": 0.09266814298282507,
      "absolute": 0.0,
      "relative": 0.0
    },
    "fault_rmse": {
      "baseline": 0.2375486120563008,
      "candidate": 0.2375486120563008,
      "absolute": 0.0,
      "relative": 0.0
    },
    "pooled_rmse": {
      "baseline": 0.1293056944774334,
      "candidate": 0.1293056944774334,
      "absolute": 0.0,
      "relative": 0.0
    },
    "distance_rmse": {
      "baseline": 5.310295004801444,
      "candidate": 5.310295004801444,
      "absolute": 0.0,
      "relative": 0.0
    }
  },
  "clean_gain": 0.0,
  "fault_gain": 0.0,
  "coverage": {
    "async_pairs": 0,
    "async_updates": 0,
    "groups_with_updates": [],
    "healthy_without_fused_s": 5965.200000000026,
    "healthy_s": 11059.700000000003,
    "per_bag": [
      {
        "bag": "30618_0652866c",
        "group": "8269991eafa82c45",
        "healthy_s": 1002.7000000000003,
        "healthy_without_fused_s": 525.2999999999988,
        "pair_rows": 14036,
        "async_pair_rows": 0,
        "updates": 8845,
        "async_updates": 0,
        "output_ticks": 29287,
        "mechanism_counts": {
          "pairs": 14036,
          "async_pairs": 0,
          "updates": 8845,
          "async_updates": 0,
          "hard_clears": 19,
          "expired_clears": 0,
          "recheck_rejections": 0
        },
        "healthy_without_fused_fraction": 0.5238855091253602
      },
      {
        "bag": "30618_073f08d1",
        "group": "8269991eafa82c45",
        "healthy_s": 880.45,
        "healthy_without_fused_s": 475.69999999997697,
        "pair_rows": 11789,
        "async_pair_rows": 0,
        "updates": 7527,
        "async_updates": 0,
        "output_ticks": 25509,
        "mechanism_counts": {
          "pairs": 11789,
          "async_pairs": 0,
          "updates": 7527,
          "async_updates": 0,
          "hard_clears": 11,
          "expired_clears": 0,
          "recheck_rejections": 0
        },
        "healthy_without_fused_fraction": 0.5402918961894224
      },
      {
        "bag": "30618_117c2d02",
        "group": "664cca45aeb0db23",
        "healthy_s": 810.1000000000001,
        "healthy_without_fused_s": 448.6499999999985,
        "pair_rows": 10999,
        "async_pair_rows": 0,
        "updates": 6674,
        "async_updates": 0,
        "output_ticks": 24124,
        "mechanism_counts": {
          "pairs": 10999,
          "async_pairs": 0,
          "updates": 6674,
          "async_updates": 0,
          "hard_clears": 74,
          "expired_clears": 0,
          "recheck_rejections": 0
        },
        "healthy_without_fused_fraction": 0.5538205159856788
      },
      {
        "bag": "30618_1551d0a9",
        "group": "8269991eafa82c45",
        "healthy_s": 0.49999999999999956,
        "healthy_without_fused_s": 0.29999999999999893,
        "pair_rows": 10,
        "async_pair_rows": 0,
        "updates": 0,
        "async_updates": 0,
        "output_ticks": 99,
        "mechanism_counts": {
          "pairs": 10,
          "async_pairs": 0,
          "updates": 0,
          "async_updates": 0,
          "hard_clears": 0,
          "expired_clears": 0,
          "recheck_rejections": 0
        },
        "healthy_without_fused_fraction": 0.5999999999999984
      },
      {
        "bag": "30618_27e994fc",
        "group": "711abb923942f9fe",
        "healthy_s": 1009.9500000000002,
        "healthy_without_fused_s": 543.1500000000082,
        "pair_rows": 17911,
        "async_pair_rows": 0,
        "updates": 8597,
        "async_updates": 0,
        "output_ticks": 38004,
        "mechanism_counts": {
          "pairs": 17911,
          "async_pairs": 0,
          "updates": 8597,
          "async_updates": 0,
          "hard_clears": 28,
          "expired_clears": 0,
          "recheck_rejections": 0
        },
        "healthy_without_fused_fraction": 0.5377989009356979
      },
      {
        "bag": "30618_3e012faf",
        "group": "664cca45aeb0db23",
        "healthy_s": 797.9000000000004,
        "healthy_without_fused_s": 427.05000000000587,
        "pair_rows": 9523,
        "async_pair_rows": 0,
        "updates": 6841,
        "async_updates": 0,
        "output_ticks": 20454,
        "mechanism_counts": {
          "pairs": 9523,
          "async_pairs": 0,
          "updates": 6841,
          "async_updates": 0,
          "hard_clears": 20,
          "expired_clears": 0,
          "recheck_rejections": 0
        },
        "healthy_without_fused_fraction": 0.5352174457952195
      },
      {
        "bag": "30618_46e21b9b",
        "group": "664cca45aeb0db23",
        "healthy_s": 810.1000000000001,
        "healthy_without_fused_s": 448.6499999999985,
        "pair_rows": 10999,
        "async_pair_rows": 0,
        "updates": 6674,
        "async_updates": 0,
        "output_ticks": 24124,
        "mechanism_counts": {
          "pairs": 10999,
          "async_pairs": 0,
          "updates": 6674,
          "async_updates": 0,
          "hard_clears": 74,
          "expired_clears": 0,
          "recheck_rejections": 0
        },
        "healthy_without_fused_fraction": 0.5538205159856788
      },
      {
        "bag": "30618_5036aa78",
        "group": "664cca45aeb0db23",
        "healthy_s": 15.799999999999997,
        "healthy_without_fused_s": 8.100000000000009,
        "pair_rows": 978,
        "async_pair_rows": 0,
        "updates": 115,
        "async_updates": 0,
        "output_ticks": 2051,
        "mechanism_counts": {
          "pairs": 978,
          "async_pairs": 0,
          "updates": 115,
          "async_updates": 0,
          "hard_clears": 1,
          "expired_clears": 0,
          "recheck_rejections": 0
        },
        "healthy_without_fused_fraction": 0.5126582278481019
      },
      {
        "bag": "30618_74559c73",
        "group": "664cca45aeb0db23",
        "healthy_s": 43.10000000000001,
        "healthy_without_fused_s": 21.549999999999994,
        "pair_rows": 952,
        "async_pair_rows": 0,
        "updates": 373,
        "async_updates": 0,
        "output_ticks": 1985,
        "mechanism_counts": {
          "pairs": 952,
          "async_pairs": 0,
          "updates": 373,
          "async_updates": 0,
          "hard_clears": 2,
          "expired_clears": 0,
          "recheck_rejections": 0
        },
        "healthy_without_fused_fraction": 0.4999999999999998
      },
      {
        "bag": "30618_88548b02",
        "group": "711abb923942f9fe",
        "healthy_s": 866.2500000000006,
        "healthy_without_fused_s": 465.7500000000057,
        "pair_rows": 11568,
        "async_pair_rows": 0,
        "updates": 7270,
        "async_updates": 0,
        "output_ticks": 25114,
        "mechanism_counts": {
          "pairs": 11568,
          "async_pairs": 0,
          "updates": 7270,
          "async_updates": 0,
          "hard_clears": 58,
          "expired_clears": 0,
          "recheck_rejections": 0
        },
        "healthy_without_fused_fraction": 0.5376623376623438
      },
      {
        "bag": "30618_bcc9e7a2",
        "group": "664cca45aeb0db23",
        "healthy_s": 797.9000000000004,
        "healthy_without_fused_s": 427.05000000000587,
        "pair_rows": 9523,
        "async_pair_rows": 0,
        "updates": 6841,
        "async_updates": 0,
        "output_ticks": 20454,
        "mechanism_counts": {
          "pairs": 9523,
          "async_pairs": 0,
          "updates": 6841,
          "async_updates": 0,
          "hard_clears": 20,
          "expired_clears": 0,
          "recheck_rejections": 0
        },
        "healthy_without_fused_fraction": 0.5352174457952195
      },
      {
        "bag": "30618_e151d6e4",
        "group": "664cca45aeb0db23",
        "healthy_s": 0.5,
        "healthy_without_fused_s": 0.2999999999999998,
        "pair_rows": 377,
        "async_pair_rows": 0,
        "updates": 0,
        "async_updates": 0,
        "output_ticks": 822,
        "mechanism_counts": {
          "pairs": 377,
          "async_pairs": 0,
          "updates": 0,
          "async_updates": 0,
          "hard_clears": 0,
          "expired_clears": 0,
          "recheck_rejections": 0
        },
        "healthy_without_fused_fraction": 0.5999999999999996
      },
      {
        "bag": "30639_0ab96c59",
        "group": "2cd82bc27dbad052",
        "healthy_s": 5.75,
        "healthy_without_fused_s": 2.8999999999999986,
        "pair_rows": 787,
        "async_pair_rows": 0,
        "updates": 15,
        "async_updates": 0,
        "output_ticks": 1641,
        "mechanism_counts": {
          "pairs": 787,
          "async_pairs": 0,
          "updates": 15,
          "async_updates": 0,
          "hard_clears": 10,
          "expired_clears": 0,
          "recheck_rejections": 0
        },
        "healthy_without_fused_fraction": 0.5043478260869563
      },
      {
        "bag": "30639_9c362687",
        "group": "a8a4c11ebcc1dde2",
        "healthy_s": 1041.0500000000002,
        "healthy_without_fused_s": 570.9499999999969,
        "pair_rows": 12234,
        "async_pair_rows": 0,
        "updates": 8662,
        "async_updates": 0,
        "output_ticks": 27189,
        "mechanism_counts": {
          "pairs": 12234,
          "async_pairs": 0,
          "updates": 8662,
          "async_updates": 0,
          "hard_clears": 104,
          "expired_clears": 0,
          "recheck_rejections": 0
        },
        "healthy_without_fused_fraction": 0.5484366745113076
      },
      {
        "bag": "30639_c31df386",
        "group": "70bb14d1c90f301f",
        "healthy_s": 1007.9500000000002,
        "healthy_without_fused_s": 546.3499999999984,
        "pair_rows": 12320,
        "async_pair_rows": 0,
        "updates": 8513,
        "async_updates": 0,
        "output_ticks": 27246,
        "mechanism_counts": {
          "pairs": 12320,
          "async_pairs": 0,
          "updates": 8513,
          "async_updates": 0,
          "hard_clears": 489,
          "expired_clears": 0,
          "recheck_rejections": 0
        },
        "healthy_without_fused_fraction": 0.5420407758321328
      },
      {
        "bag": "30639_dce52be4",
        "group": "70bb14d1c90f301f",
        "healthy_s": 916.9499999999997,
        "healthy_without_fused_s": 495.8000000000147,
        "pair_rows": 10550,
        "async_pair_rows": 0,
        "updates": 7804,
        "async_updates": 0,
        "output_ticks": 22967,
        "mechanism_counts": {
          "pairs": 10550,
          "async_pairs": 0,
          "updates": 7804,
          "async_updates": 0,
          "hard_clears": 32,
          "expired_clears": 0,
          "recheck_rejections": 0
        },
        "healthy_without_fused_fraction": 0.540705600087262
      },
      {
        "bag": "30639_e4379d7f",
        "group": "a0c46036cc19092a",
        "healthy_s": 1052.7500000000002,
        "healthy_without_fused_s": 557.6500000000183,
        "pair_rows": 13373,
        "async_pair_rows": 0,
        "updates": 9075,
        "async_updates": 0,
        "output_ticks": 28765,
        "mechanism_counts": {
          "pairs": 13373,
          "async_pairs": 0,
          "updates": 9075,
          "async_updates": 0,
          "hard_clears": 116,
          "expired_clears": 0,
          "recheck_rejections": 0
        },
        "healthy_without_fused_fraction": 0.5297079078603829
      }
    ],
    "adequate": false
  },
  "verdict": "INCONCLUSIVE",
  "validation_evaluated": false,
  "test_evaluated": false,
  "merge_ready": false,
  "stage": "development"
}
