[
  {
    "workload": "development_prefix120",
    "lag_s": 0.2,
    "summary": {
      "step_cpu": {
        "baseline_median": 0.0460551550000049,
        "candidate_median": 0.054170445499997055,
        "paired_median_change": 0.17366171273045328,
        "min_change": 0.1676920750411124,
        "max_change": 0.19642822812182192
      },
      "step_wall": {
        "baseline_median": 0.04605643250005187,
        "candidate_median": 0.054159424500795694,
        "paired_median_change": 0.17372752240887224,
        "min_change": 0.16833961732377944,
        "max_change": 0.19583907271864276
      },
      "replay_cpu": {
        "baseline_median": 0.0692080854999999,
        "candidate_median": 0.077747609,
        "paired_median_change": 0.12121794928891005,
        "min_change": 0.11416449995716782,
        "max_change": 0.13594766176189532
      },
      "replay_wall": {
        "baseline_median": 0.06920835750000265,
        "candidate_median": 0.07774751549999337,
        "paired_median_change": 0.12132341358341203,
        "min_change": 0.11415842058660397,
        "max_change": 0.1358196468834758
      }
    },
    "post_warmup_steps": 2200,
    "candidate_effective_ticks": 0
  },
  {
    "workload": "development_prefix120",
    "lag_s": 0.4,
    "summary": {
      "step_cpu": {
        "baseline_median": 0.04617033250000069,
        "candidate_median": 0.0542879685000035,
        "paired_median_change": 0.17685147512829547,
        "min_change": 0.10382312714080455,
        "max_change": 0.474987428756511
      },
      "step_wall": {
        "baseline_median": 0.046166277500276465,
        "candidate_median": 0.05427763849979783,
        "paired_median_change": 0.17691887255216188,
        "min_change": 0.10399554457227778,
        "max_change": 0.4755500497965479
      },
      "replay_cpu": {
        "baseline_median": 0.06951522200000015,
        "candidate_median": 0.07793943949999993,
        "paired_median_change": 0.12199565253001554,
        "min_change": 0.050019916015314525,
        "max_change": 0.40592525787025835
      },
      "replay_wall": {
        "baseline_median": 0.06952040549998628,
        "candidate_median": 0.07793935750004266,
        "paired_median_change": 0.12199495954260597,
        "min_change": 0.04980981282695307,
        "max_change": 0.4067903589815347
      }
    },
    "post_warmup_steps": 2200,
    "candidate_effective_ticks": 0
  },
  {
    "workload": "foundation_first_active_original1",
    "lag_s": 0.2,
    "summary": {
      "step_cpu": {
        "baseline_median": 0.01023352900000396,
        "candidate_median": 0.012549774500003164,
        "paired_median_change": 0.22388094980298712,
        "min_change": 0.2187961591300578,
        "max_change": 0.2537550661791568
      },
      "step_wall": {
        "baseline_median": 0.01023774299960678,
        "candidate_median": 0.012544460000185609,
        "paired_median_change": 0.2231410028718227,
        "min_change": 0.21868799772081315,
        "max_change": 0.2542224918752436
      },
      "replay_cpu": {
        "baseline_median": 0.01565025600000003,
        "candidate_median": 0.018097244000000012,
        "paired_median_change": 0.15745679500409837,
        "min_change": 0.15068684070806593,
        "max_change": 0.18166185857609518
      },
      "replay_wall": {
        "baseline_median": 0.01565090049999185,
        "candidate_median": 0.018097854500013,
        "paired_median_change": 0.15673813367144163,
        "min_change": 0.15068804416128345,
        "max_change": 0.1816484278940116
      }
    },
    "post_warmup_steps": 502,
    "candidate_effective_ticks": 0
  },
  {
    "workload": "foundation_first_active_original1",
    "lag_s": 0.4,
    "summary": {
      "step_cpu": {
        "baseline_median": 0.01020065799999803,
        "candidate_median": 0.013938699499999263,
        "paired_median_change": 0.3663526306376931,
        "min_change": 0.32840113947683736,
        "max_change": 0.3876067252983715
      },
      "step_wall": {
        "baseline_median": 0.010200729000700903,
        "candidate_median": 0.013937348499382551,
        "paired_median_change": 0.36673712018913684,
        "min_change": 0.32855940634487246,
        "max_change": 0.3865403198497632
      },
      "replay_cpu": {
        "baseline_median": 0.015623085000000092,
        "candidate_median": 0.019541238500000002,
        "paired_median_change": 0.24915245873364666,
        "min_change": 0.2146231979286759,
        "max_change": 0.2662232605085961
      },
      "replay_wall": {
        "baseline_median": 0.015623669999968115,
        "candidate_median": 0.01954206149997617,
        "paired_median_change": 0.24912875460695338,
        "min_change": 0.21460109475437728,
        "max_change": 0.2662274268767173
      }
    },
    "post_warmup_steps": 502,
    "candidate_effective_ticks": 50
  }
]
