30618_2255aade original 4 abrupt 2 slow 2
30618_0686195f original 4 abrupt 2 slow 2
30618_2f104a1d original 4 abrupt 2 slow 2
30618_2dbce472 original 4 abrupt 2 slow 2
30618_437e855c original 4 abrupt 2 slow 2
30618_49fe4c54 original 4 abrupt 2 slow 2
30618_4e1e3181 original 4 abrupt 2 slow 2
30618_68847170 original 4 abrupt 2 slow 2
30618_68d1748a original 4 abrupt 2 slow 2
30618_76e1f9c7 original 4 abrupt 2 slow 2
30618_7bfbb5ed original 4 abrupt 2 slow 2
30618_95c49c30 original 4 abrupt 2 slow 2
30618_b15eafc3 original 4 abrupt 2 slow 2
30618_b8044aa0 original 4 abrupt 2 slow 2
30618_defd0170 original 4 abrupt 2 slow 2
30639_3b3d9eb8 original 4 abrupt 2 slow 2
30639_50956d6e original 4 abrupt 2 slow 2
30639_9f0b519f original 4 abrupt 2 slow 2
30639_d601d28f original 4 abrupt 2 slow 2
{
  "numerically_eligible": false,
  "slow_gain": 0.0,
  "rejection_reasons": [
    "slow exposure not reduced FUSED",
    "slow gain below 20%"
  ],
  "promotion_allowed": false,
  "qualification": "Reused validation and injected faults. Full installed-candidate ROS/resource gates also required before promotion."
}
