BAG 30618_073f08d1 clean_ticks 25436 original_faults 4 diagnostic_faults 22
BAG 30618_0652866c clean_ticks 29207 original_faults 4 diagnostic_faults 22
BAG 30618_1551d0a9 clean_ticks 23 original_faults 0 diagnostic_faults 0
BAG 30618_117c2d02 clean_ticks 24045 original_faults 4 diagnostic_faults 22
BAG 30618_27e994fc clean_ticks 37945 original_faults 4 diagnostic_faults 22
BAG 30618_3e012faf clean_ticks 20375 original_faults 4 diagnostic_faults 22
BAG 30618_5036aa78 clean_ticks 1976 original_faults 4 diagnostic_faults 22
BAG 30618_74559c73 clean_ticks 1907 original_faults 4 diagnostic_faults 11
BAG 30618_46e21b9b clean_ticks 24045 original_faults 4 diagnostic_faults 22
BAG 30618_bcc9e7a2 clean_ticks 20375 original_faults 4 diagnostic_faults 22
BAG 30618_e151d6e4 clean_ticks 756 original_faults 0 diagnostic_faults 0
BAG 30618_88548b02 clean_ticks 25061 original_faults 4 diagnostic_faults 22
BAG 30639_0ab96c59 clean_ticks 1593 original_faults 0 diagnostic_faults 11
BAG 30639_9c362687 clean_ticks 27188 original_faults 4 diagnostic_faults 22
BAG 30639_c31df386 clean_ticks 27245 original_faults 4 diagnostic_faults 22
BAG 30639_dce52be4 clean_ticks 22924 original_faults 4 diagnostic_faults 22
BAG 30639_e4379d7f clean_ticks 28764 original_faults 4 diagnostic_faults 22
{
  "stage": "development",
  "summaries": {
    "baseline_v7": {
      "clean_rmse": 0.09266814298282507,
      "fault_rmse": 0.2375486120563008,
      "distance_rmse": 5.310295004801444,
      "samples": 394221,
      "pooled_rmse": 0.1293056944774334,
      "false_stops_clean": 0,
      "false_stops_fault": 0,
      "unrecovered": 4
    },
    "H20_alpha025": {
      "clean_rmse": 0.09266612026055811,
      "fault_rmse": 0.23755829440679316,
      "distance_rmse": 5.3104754406787205,
      "samples": 394221,
      "pooled_rmse": 0.12930748417805465,
      "false_stops_clean": 0,
      "false_stops_fault": 0,
      "unrecovered": 4
    },
    "H20_alpha050": {
      "clean_rmse": 0.09266694665789847,
      "fault_rmse": 0.23756801892116775,
      "distance_rmse": 5.310656675795706,
      "samples": 394221,
      "pooled_rmse": 0.12930974607359558,
      "false_stops_clean": 0,
      "false_stops_fault": 0,
      "unrecovered": 4
    }
  },
  "reasons": {
    "H20_alpha025": [],
    "H20_alpha050": []
  }
}
