test_bootstrap_and_recovery_off (test_h20.H20Tests.test_bootstrap_and_recovery_off) ... ok
test_bounded_state_and_finite (test_h20.H20Tests.test_bounded_state_and_finite) ... ok
test_brake_reduces_underspeed_weight (test_h20.H20Tests.test_brake_reduces_underspeed_weight) ... ok
test_causal_prefix (test_h20.H20Tests.test_causal_prefix) ... ok
test_coast_fallback (test_h20.H20Tests.test_coast_fallback) ... ok
test_common_zero_lock_not_assimilated (test_h20.H20Tests.test_common_zero_lock_not_assimilated) ... ok
test_confirmation_dwell (test_h20.H20Tests.test_confirmation_dwell) ... ok
test_correlated_pair_floor (test_h20.H20Tests.test_correlated_pair_floor) ... ok
test_disabled_full_state_and_return (test_h20.H20Tests.test_disabled_full_state_and_return) ... ok
test_drive_lag_fallback (test_h20.H20Tests.test_drive_lag_fallback) ... ok
test_duplicate_not_reassimilated (test_h20.H20Tests.test_duplicate_not_reassimilated) ... ok
test_exact_symmetric_fallback (test_h20.H20Tests.test_exact_symmetric_fallback) ... ok
test_future_and_nonfinite_wheels_not_weighted (test_h20.H20Tests.test_future_and_nonfinite_wheels_not_weighted) ... ok
test_invalid_alpha (test_h20.H20Tests.test_invalid_alpha) ... ok
test_low_speed_and_direction_fallback (test_h20.H20Tests.test_low_speed_and_direction_fallback) ... ok
test_model_mismatch_fallback (test_h20.H20Tests.test_model_mismatch_fallback) ... ok
test_modes_both_directions (test_h20.H20Tests.test_modes_both_directions) ... ok
test_profile_is_v7 (test_h20.H20Tests.test_profile_is_v7) ... ok
test_reset_clears_evidence (test_h20.H20Tests.test_reset_clears_evidence) ... ok
test_reverse_signs (test_h20.H20Tests.test_reverse_signs) ... ok
test_single_wheel_does_not_reduce_r (test_h20.H20Tests.test_single_wheel_does_not_reduce_r) ... ok
test_stale_fallback (test_h20.H20Tests.test_stale_fallback) ... ok
test_time_errors_preserved (test_h20.H20Tests.test_time_errors_preserved) ... ok
test_traction_reduces_overspeed_weight (test_h20.H20Tests.test_traction_reduces_overspeed_weight) ... ok
test_transition_restarts_dwell (test_h20.H20Tests.test_transition_restarts_dwell) ... ok
test_unpenalized_sign_exact (test_h20.H20Tests.test_unpenalized_sign_exact) ... ok
test_weight_bounds_and_convex_target (test_h20.H20Tests.test_weight_bounds_and_convex_target) ... ok

----------------------------------------------------------------------
Ran 27 tests in 0.796s

OK
