test_ambiguous_pair_without_anchor_not_attributed (test_reliability.ReliabilityTests.test_ambiguous_pair_without_anchor_not_attributed) ... ok
test_bootstrap_records_local_anomaly (test_reliability.ReliabilityTests.test_bootstrap_records_local_anomaly) ... ok
test_channel_attribution_requires_accepted_other (test_reliability.ReliabilityTests.test_channel_attribution_requires_accepted_other) ... ok
test_common_model_drift_not_attributed (test_reliability.ReliabilityTests.test_common_model_drift_not_attributed) ... ok
test_configuration_validation (test_reliability.ReliabilityTests.test_configuration_validation) ... ok
test_correlated_pair_has_no_independence_bonus (test_reliability.ReliabilityTests.test_correlated_pair_has_no_independence_bonus) ... ok
test_disabled_matches_exact_baseline_in_fault_sequences (test_reliability.ReliabilityTests.test_disabled_matches_exact_baseline_in_fault_sequences) ... ok
test_duplicate_range_counted_once (test_reliability.ReliabilityTests.test_duplicate_range_counted_once) ... ok
test_enabled_clean_matches_exact_baseline (test_reliability.ReliabilityTests.test_enabled_clean_matches_exact_baseline) ... ok
test_exact_finite_expiry (test_reliability.ReliabilityTests.test_exact_finite_expiry) ... ok
test_flickering_channel_not_full_weight (test_reliability.ReliabilityTests.test_flickering_channel_not_full_weight) ... ok
test_front_rear_symmetry (test_reliability.ReliabilityTests.test_front_rear_symmetry) ... ok
test_future_stale_nonfinite_not_evidence (test_reliability.ReliabilityTests.test_future_stale_nonfinite_not_evidence) ... ok
test_history_and_penalty_bounded (test_reliability.ReliabilityTests.test_history_and_penalty_bounded) ... ok
test_integrated_rate_fault_followed_by_accepted_pair (test_reliability.ReliabilityTests.test_integrated_rate_fault_followed_by_accepted_pair) ... ok
test_invalid_clock_does_not_mutate_history (test_reliability.ReliabilityTests.test_invalid_clock_does_not_mutate_history) ... ok
test_linear_age_not_prediction_tick_count (test_reliability.ReliabilityTests.test_linear_age_not_prediction_tick_count) ... ok
test_old_sample_not_evidence (test_reliability.ReliabilityTests.test_old_sample_not_evidence) ... ok
test_one_good_sample_does_not_reset (test_reliability.ReliabilityTests.test_one_good_sample_does_not_reset) ... ok
test_rate_anomaly_is_local_evidence (test_reliability.ReliabilityTests.test_rate_anomaly_is_local_evidence) ... ok
test_reacquisition_equal_when_common_drift (test_reliability.ReliabilityTests.test_reacquisition_equal_when_common_drift) ... ok
test_reset_clears_history_and_timestamp (test_reliability.ReliabilityTests.test_reset_clears_history_and_timestamp) ... ok
test_single_wheel_preserves_target_but_reduces_gain (test_reliability.ReliabilityTests.test_single_wheel_preserves_target_but_reduces_gain) ... ok
test_weighted_pair_favours_healthy_channel_and_inflates_r (test_reliability.ReliabilityTests.test_weighted_pair_favours_healthy_channel_and_inflates_r) ... ok

----------------------------------------------------------------------
Ran 24 tests in 0.081s

OK
