test_duplicate_does_not_change_mean_or_cov (test_h30.JointTests.test_duplicate_does_not_change_mean_or_cov) ... ok
test_full_state_insertion_refused (test_h30.JointTests.test_full_state_insertion_refused) ... ok
test_invalid_parameters_and_noise (test_h30.JointTests.test_invalid_parameters_and_noise) ... ok
test_ledger_capacity (test_h30.JointTests.test_ledger_capacity) ... ok
test_outside_history (test_h30.JointTests.test_outside_history) ... ok
test_piecewise_q_bridge (test_h30.JointTests.test_piecewise_q_bridge) ... ok
test_prefix_invariance (test_h30.JointTests.test_prefix_invariance) ... ok
test_random_delays_against_batch_and_chronological (test_h30.JointTests.test_random_delays_against_batch_and_chronological) ... ok
test_state_bound_and_pruning (test_h30.JointTests.test_state_bound_and_pruning) ... ok
test_zero_age_scalar (test_h30.JointTests.test_zero_age_scalar) ... ok
test_causal_prefix (test_h30.RuntimeTests.test_causal_prefix) ... ok
test_event_source_retention (test_h30.RuntimeTests.test_event_source_retention) ... ok
test_feature_off_whole_v8_exact (test_h30.RuntimeTests.test_feature_off_whole_v8_exact) ... ok
test_input_api_and_no_heavy_runtime_import (test_h30.RuntimeTests.test_input_api_and_no_heavy_runtime_import) ... ok
test_native_activates_and_psd (test_h30.RuntimeTests.test_native_activates_and_psd) ... ok
test_no_double_readout_or_distance_reset (test_h30.RuntimeTests.test_no_double_readout_or_distance_reset) ... ok
test_no_retroactive_output_mutation (test_h30.RuntimeTests.test_no_retroactive_output_mutation) ... ok
test_original_adaptation_once (test_h30.RuntimeTests.test_original_adaptation_once) ... ok
test_quarantine_preserved (test_h30.RuntimeTests.test_quarantine_preserved) ... ok
test_raw_hard_rejection_no_native (test_h30.RuntimeTests.test_raw_hard_rejection_no_native) ... ok
test_repeated_input_not_relearned (test_h30.RuntimeTests.test_repeated_input_not_relearned) ... ok
test_reset_exact_off (test_h30.RuntimeTests.test_reset_exact_off) ... ok
test_stale_future_and_nonfinite (test_h30.RuntimeTests.test_stale_future_and_nonfinite) ... ok
test_zero_age_whole_v8_exact (test_h30.RuntimeTests.test_zero_age_whole_v8_exact) ... ok
test_zero_lock_preserved (test_h30.RuntimeTests.test_zero_lock_preserved) ... ok

----------------------------------------------------------------------
Ran 25 tests in 0.700s

OK
