test_config_validation (test_core.ObserverTests.test_config_validation) ... ok
test_constant_speed (test_core.ObserverTests.test_constant_speed) ... ok
test_disturbance_frozen_during_bad_data (test_core.ObserverTests.test_disturbance_frozen_during_bad_data) ... ok
test_drive_nonlinearity_and_braking (test_core.ObserverTests.test_drive_nonlinearity_and_braking) ... ok
test_dropout_duration_matrix_recovers (test_core.ObserverTests.test_dropout_duration_matrix_recovers) ... ok
test_dropouts_remain_finite_with_uncertainty_growth (test_core.ObserverTests.test_dropouts_remain_finite_with_uncertainty_growth) ... ok
test_future_sample_not_consumed (test_core.ObserverTests.test_future_sample_not_consumed) ... ok
test_locked_common_zero_pair_never_reacquires_moving_state (test_core.ObserverTests.test_locked_common_zero_pair_never_reacquires_moving_state) ... ok
test_locked_wheels_not_zero_velocity_update (test_core.ObserverTests.test_locked_wheels_not_zero_velocity_update) ... ok
test_nan_and_range_are_ignored (test_core.ObserverTests.test_nan_and_range_are_ignored) ... ok
test_no_repeated_measurement_update (test_core.ObserverTests.test_no_repeated_measurement_update) ... ok
test_per_sensor_monotonicity (test_core.ObserverTests.test_per_sensor_monotonicity) ... ok
test_persistent_agreeing_pair_reacquires_after_model_divergence (test_core.ObserverTests.test_persistent_agreeing_pair_reacquires_after_model_divergence) ... ok
test_short_common_mode_offset_does_not_reacquire (test_core.ObserverTests.test_short_common_mode_offset_does_not_reacquire) ... ok
test_signed_velocity (test_core.ObserverTests.test_signed_velocity) ... ok
test_simultaneous_spike (test_core.ObserverTests.test_simultaneous_spike) ... ok
test_single_wheel_slip_and_recovery (test_core.ObserverTests.test_single_wheel_slip_and_recovery) ... ok
test_stationary_and_no_creep (test_core.ObserverTests.test_stationary_and_no_creep) ... ok
test_time_errors_require_reset (test_core.ObserverTests.test_time_errors_require_reset) ... ok
test_waits_for_two_wheels (test_core.ObserverTests.test_waits_for_two_wheels) ... ok
test_arc_interpolation (test_core.RouteTests.test_arc_interpolation) ... ok
test_degenerate_and_boundary (test_core.RouteTests.test_degenerate_and_boundary) ... ok

----------------------------------------------------------------------
Ran 22 tests in 0.120s

OK
test_backward_clock_jump_opens_new_segment (test_timeline.TimelineTests.test_backward_clock_jump_opens_new_segment) ... ok
test_bounded_queue (test_timeline.TimelineTests.test_bounded_queue) ... ok
test_clock_paused_does_not_integrate (test_timeline.TimelineTests.test_clock_paused_does_not_integrate) ... ok
test_duplicate_does_not_replace_value (test_timeline.TimelineTests.test_duplicate_does_not_replace_value) ... ok
test_forward_gap_preserves_relative_position_and_catches_up (test_timeline.TimelineTests.test_forward_gap_preserves_relative_position_and_catches_up) ... ok
test_future_inputs_are_not_used_at_earlier_tick (test_timeline.TimelineTests.test_future_inputs_are_not_used_at_earlier_tick) ... ok
test_old_sample_cannot_rewrite_estimated_past (test_timeline.TimelineTests.test_old_sample_cannot_rewrite_estimated_past) ... ok
test_out_of_order_inputs_sorted_before_use (test_timeline.TimelineTests.test_out_of_order_inputs_sorted_before_use) ... ok
test_rejects_unknown_channel (test_timeline.TimelineTests.test_rejects_unknown_channel) ... ok
test_reset_clears_all_input_state (test_timeline.TimelineTests.test_reset_clears_all_input_state) ... ok

----------------------------------------------------------------------
Ran 10 tests in 0.004s

OK
test_config_validation (test_adaptive_profile.AdaptiveProfileTests.test_config_validation) ... ok
test_constant_speed (test_adaptive_profile.AdaptiveProfileTests.test_constant_speed) ... ok
test_disturbance_frozen_during_bad_data (test_adaptive_profile.AdaptiveProfileTests.test_disturbance_frozen_during_bad_data) ... ok
test_drive_nonlinearity_and_braking (test_adaptive_profile.AdaptiveProfileTests.test_drive_nonlinearity_and_braking) ... ok
test_dropout_duration_matrix_recovers (test_adaptive_profile.AdaptiveProfileTests.test_dropout_duration_matrix_recovers) ... ok
test_dropouts_remain_finite_with_uncertainty_growth (test_adaptive_profile.AdaptiveProfileTests.test_dropouts_remain_finite_with_uncertainty_growth) ... ok
test_future_sample_not_consumed (test_adaptive_profile.AdaptiveProfileTests.test_future_sample_not_consumed) ... ok
test_locked_common_zero_pair_never_reacquires_moving_state (test_adaptive_profile.AdaptiveProfileTests.test_locked_common_zero_pair_never_reacquires_moving_state) ... ok
test_locked_wheels_not_zero_velocity_update (test_adaptive_profile.AdaptiveProfileTests.test_locked_wheels_not_zero_velocity_update) ... ok
test_nan_and_range_are_ignored (test_adaptive_profile.AdaptiveProfileTests.test_nan_and_range_are_ignored) ... ok
test_no_repeated_measurement_update (test_adaptive_profile.AdaptiveProfileTests.test_no_repeated_measurement_update) ... ok
test_only_adaptation_changes_from_main (test_adaptive_profile.AdaptiveProfileTests.test_only_adaptation_changes_from_main) ... ok
test_per_sensor_monotonicity (test_adaptive_profile.AdaptiveProfileTests.test_per_sensor_monotonicity) ... ok
test_persistent_agreeing_pair_reacquires_after_model_divergence (test_adaptive_profile.AdaptiveProfileTests.test_persistent_agreeing_pair_reacquires_after_model_divergence) ... ok
test_short_common_mode_offset_does_not_reacquire (test_adaptive_profile.AdaptiveProfileTests.test_short_common_mode_offset_does_not_reacquire) ... ok
test_signed_velocity (test_adaptive_profile.AdaptiveProfileTests.test_signed_velocity) ... ok
test_simultaneous_spike (test_adaptive_profile.AdaptiveProfileTests.test_simultaneous_spike) ... ok
test_single_wheel_slip_and_recovery (test_adaptive_profile.AdaptiveProfileTests.test_single_wheel_slip_and_recovery) ... ok
test_stationary_and_no_creep (test_adaptive_profile.AdaptiveProfileTests.test_stationary_and_no_creep) ... ok
test_time_errors_require_reset (test_adaptive_profile.AdaptiveProfileTests.test_time_errors_require_reset) ... ok
test_waits_for_two_wheels (test_adaptive_profile.AdaptiveProfileTests.test_waits_for_two_wheels) ... ok

----------------------------------------------------------------------
Ran 21 tests in 0.124s

OK
test_calibrated_configs_constant_speed (test_candidate_configs.CandidateConfigs.test_calibrated_configs_constant_speed) ... ok
test_exported_configs_are_valid (test_candidate_configs.CandidateConfigs.test_exported_configs_are_valid) ... ok
test_frozen_v4_default_matches_eligible_selection (test_candidate_configs.CandidateConfigs.test_frozen_v4_default_matches_eligible_selection) ... ok

----------------------------------------------------------------------
Ran 3 tests in 0.013s

OK
test_asynchronous_wheels_can_initialize (test_final_runtime.FinalRuntimeTests.test_asynchronous_wheels_can_initialize) ... ok
test_grid_has_no_cumulative_float_drift (test_final_runtime.FinalRuntimeTests.test_grid_has_no_cumulative_float_drift) ... ok
test_invalid_range_cannot_advance_clock (test_final_runtime.FinalRuntimeTests.test_invalid_range_cannot_advance_clock) ... ok
test_no_reacquisition_from_repeated_same_pair (test_final_runtime.FinalRuntimeTests.test_no_reacquisition_from_repeated_same_pair) ... ok
test_rate_cannot_exceed_observer_step_limit (test_final_runtime.FinalRuntimeTests.test_rate_cannot_exceed_observer_step_limit) ... ok
test_reacquisition_survives_prediction_ticks (test_final_runtime.FinalRuntimeTests.test_reacquisition_survives_prediction_ticks) ... ok
test_reacquisition_with_alternating_wheel_updates (test_final_runtime.FinalRuntimeTests.test_reacquisition_with_alternating_wheel_updates) ... ok

----------------------------------------------------------------------
Ran 7 tests in 0.380s

OK
