test_alternating_channels_confirm (test_stop_history.HistoryTests.test_alternating_channels_confirm) ... ok
test_changed_duplicate_is_not_trusted (test_stop_history.HistoryTests.test_changed_duplicate_is_not_trusted) ... ok
test_expired_confirmation_restarts (test_stop_history.HistoryTests.test_expired_confirmation_restarts) ... ok
test_held_samples_are_not_votes (test_stop_history.HistoryTests.test_held_samples_are_not_votes) ... ok
test_hysteresis (test_stop_history.HistoryTests.test_hysteresis) ... ok
test_memory_is_bounded (test_stop_history.HistoryTests.test_memory_is_bounded) ... ok
test_missing_stale_future_inputs_release (test_stop_history.HistoryTests.test_missing_stale_future_inputs_release) ... ok
test_model_guard_never_relaxed (test_stop_history.HistoryTests.test_model_guard_never_relaxed) ... ok
test_one_channel_cannot_supply_both_votes (test_stop_history.HistoryTests.test_one_channel_cannot_supply_both_votes) ... ok
test_rejected_wheel_releases (test_stop_history.HistoryTests.test_rejected_wheel_releases) ... ok
test_reset_drops_history (test_stop_history.HistoryTests.test_reset_drops_history) ... ok
test_skew_releases (test_stop_history.HistoryTests.test_skew_releases) ... ok
test_slow_creep_cannot_enter (test_stop_history.HistoryTests.test_slow_creep_cannot_enter) ... ok
test_stale_command_releases_immediately (test_stop_history.HistoryTests.test_stale_command_releases_immediately) ... ok
test_stricter_entry_model_guard (test_stop_history.HistoryTests.test_stricter_entry_model_guard) ... ok
test_three_pairs_and_duration_required (test_stop_history.HistoryTests.test_three_pairs_and_duration_required) ... ok
test_traction_releases_immediately (test_stop_history.HistoryTests.test_traction_releases_immediately) ... ok
test_future_inputs_do_not_change_estimate (test_stop_history.IntegrationTests.test_future_inputs_do_not_change_estimate) ... ok
test_no_stop_with_locked_wheels_at_model_speed (test_stop_history.IntegrationTests.test_no_stop_with_locked_wheels_at_model_speed) ... ok
test_stop_and_immediate_launch (test_stop_history.IntegrationTests.test_stop_and_immediate_launch) ... ok

----------------------------------------------------------------------
Ran 20 tests in 0.080s

OK
