TRAIN_WINDOWS 30618_0259fe53 3
TRAIN_WINDOWS 30618_082f1d65 0
TRAIN_WINDOWS 30618_095a115b 3
TRAIN_WINDOWS 30618_0a83c933 3
TRAIN_WINDOWS 30618_0d865417 0
TRAIN_WINDOWS 30618_1cc230fa 3
TRAIN_WINDOWS 30618_20096314 3
TRAIN_WINDOWS 30618_2050d396 3
TRAIN_WINDOWS 30618_2161b58b 3
TRAIN_WINDOWS 30618_21dd3af3 3
TRAIN_WINDOWS 30618_22c1c589 3
TRAIN_WINDOWS 30618_2366c74a 3
TRAIN_WINDOWS 30618_2d2fa7be 3
TRAIN_WINDOWS 30618_2f2f1175 3
TRAIN_WINDOWS 30618_3e9f4952 3
TRAIN_WINDOWS 30618_40ffd323 3
TRAIN_WINDOWS 30618_45ff6f99 0
TRAIN_WINDOWS 30618_4d487b0d 3
TRAIN_WINDOWS 30618_616ec56b 3
TRAIN_WINDOWS 30618_67b89902 3
TRAIN_WINDOWS 30618_748832b9 3
TRAIN_WINDOWS 30618_7849303f 3
TRAIN_WINDOWS 30618_79b204dc 3
TRAIN_WINDOWS 30618_7a152380 3
TRAIN_WINDOWS 30618_7b4d83f4 3
TRAIN_WINDOWS 30618_8158f0b0 3
TRAIN_WINDOWS 30618_81c22fee 3
TRAIN_WINDOWS 30618_87afe526 3
TRAIN_WINDOWS 30618_887a2b9a 3
TRAIN_WINDOWS 30618_8eb8615c 3
TRAIN_WINDOWS 30618_8f08df08 3
TRAIN_WINDOWS 30618_92b1b453 3
TRAIN_WINDOWS 30618_93dc866e 3
TRAIN_WINDOWS 30618_98161270 0
TRAIN_WINDOWS 30618_9bbe6faa 3
TRAIN_WINDOWS 30618_9c09b081 3
TRAIN_WINDOWS 30618_9c10cd0d 3
TRAIN_WINDOWS 30618_a395846d 3
TRAIN_WINDOWS 30618_a53d5f6f 3
TRAIN_WINDOWS 30618_ab5921a4 3
TRAIN_WINDOWS 30618_b3042f78 3
TRAIN_WINDOWS 30618_b83d854d 3
TRAIN_WINDOWS 30618_b95ca60a 3
TRAIN_WINDOWS 30618_bab2fe58 1
TRAIN_WINDOWS 30618_bc5e53c2 0
TRAIN_WINDOWS 30618_cfd9fd5a 3
TRAIN_WINDOWS 30618_d4ba7005 3
TRAIN_WINDOWS 30618_dd8e6395 3
TRAIN_WINDOWS 30618_ddad08d6 3
TRAIN_WINDOWS 30618_e2dcf65f 3
TRAIN_WINDOWS 30618_e392e5bd 3
TRAIN_WINDOWS 30618_e3d94878 3
TRAIN_WINDOWS 30618_e7dcdab1 3
TRAIN_WINDOWS 30618_efb92709 3
TRAIN_WINDOWS 30618_f19a4ac3 3
TRAIN_WINDOWS 30618_f28179bb 3
TRAIN_WINDOWS 30618_f3b8c99b 3
TRAIN_WINDOWS 30639_0be558e2 3
TRAIN_WINDOWS 30639_2b4a6347 3
TRAIN_WINDOWS 30639_4285f2bc 3
TRAIN_WINDOWS 30639_44226bde 3
TRAIN_WINDOWS 30639_92226df0 3
TRAIN_WINDOWS 30639_927002c2 3
TRAIN_WINDOWS 30639_d3c43d69 3
FIT_CALL A 20 loss 0.18123653890942054
FIT_CALL A 40 loss 0.1808182130644033
FIT_CALL A 60 loss 0.18080799350250837
FIT_CALL A 80 loss 0.1808077808521803
FIT_CALL A 100 loss 0.18080773035524522
FIT_CALL A 120 loss 0.18080770317243458
FIT_CALL A 140 loss 0.1808077010180129
FIT_FINISHED A 29 141 0.18080770097873536
FIT_CALL B 20 loss 0.18311100516280757
FIT_CALL B 40 loss 0.18256315764291167
FIT_CALL B 60 loss 0.1825629576124376
FIT_CALL B 80 loss 0.18256292124296006
FIT_FINISHED B 22 92 0.18256292110193084
